

Microchip MPLAB XC8 Assembler V3.10 build 20250813170317 
                                                                                               Wed Sep 23 19:09:07 2026

Microchip MPLAB XC8 C Compiler v3.10 (Free license) build 20250813170317 Og1 
     1                           	processor	18F46K22
     2                           	fnconf	rparam,??,?,0
     3                           	pagewidth 120
     4                           	opt	flic
     5                           	psect	cinit,global,reloc=2,class=CODE,space=0,delta=1
     6                           	psect	cstackCOMRAM,global,class=COMRAM,space=1,delta=1,lowdata,noexec
     7                           	psect	text0,global,reloc=2,class=CODE,space=0,delta=1
     8                           	psect	text1,global,reloc=2,class=CODE,space=0,delta=1
     9                           	psect	text2,global,reloc=2,class=CODE,space=0,delta=1
    10                           	psect	smallconst,global,reloc=2,class=SMALLCONST,space=0,delta=1,noexec
    11                           	psect	intsave_regs,global,class=BIGRAM,space=1,delta=1,noexec
    12                           	psect	rparam,global,class=COMRAM,space=1,delta=1,noexec
    13                           	psect	config,global,abs,ovrld,class=CONFIG,space=4,delta=1,noexec
    14   000000                     
    15                           ; Generated 22/04/2026 GMT
    16                           ; 
    17                           ; Copyright (c) 2026 Microchip Technology Inc. and its subsidiaries.
    18                           ; 
    19                           ; Licensed under the Apache License, Version 2.0 (the "License");
    20                           ; you may not use this file except in compliance with the License.
    21                           ; You may obtain a copy of the License at
    22                           ; 
    23                           ;   http://www.apache.org/licenses/LICENSE-2.0
    24                           ; 
    25                           ; Unless required by applicable law or agreed to in writing, software
    26                           ; distributed under the License is distributed on an "AS IS" BASIS,
    27                           ; WITHOUT WARRANTIES OR CONDITIONS OF ANY KIND, either express or implied.
    28                           ; See the License for the specific language governing permissions and
    29                           ; limitations under the License.
    30                           ; 
    31                           ; 
    32                           ; Code-generator required, PIC18F46K22 Definitions
    33                           ; 
    34                           ; SFR Addresses
    35   000FE0                     bsr             equ	4064
    36   000FE9                     fsr0            equ	4073
    37   000FEA                     fsr0h           equ	4074
    38   000FE9                     fsr0l           equ	4073
    39   000FE1                     fsr1            equ	4065
    40   000FE2                     fsr1h           equ	4066
    41   000FE1                     fsr1l           equ	4065
    42   000FD9                     fsr2            equ	4057
    43   000FDA                     fsr2h           equ	4058
    44   000FD9                     fsr2l           equ	4057
    45   000FEF                     indf0           equ	4079
    46   000FE7                     indf1           equ	4071
    47   000FDF                     indf2           equ	4063
    48   000FF2                     intcon          equ	4082
    49   000000                     nvmcon          equ	0
    50   000FF9                     pcl             equ	4089
    51   000FFA                     pclath          equ	4090
    52   000FFB                     pclatu          equ	4091
    53   000FEB                     plusw0          equ	4075
    54   000FE3                     plusw1          equ	4067
    55   000FDB                     plusw2          equ	4059
    56   000FED                     postdec0        equ	4077
    57   000FE5                     postdec1        equ	4069
    58   000FDD                     postdec2        equ	4061
    59   000FEE                     postinc0        equ	4078
    60   000FE6                     postinc1        equ	4070
    61   000FDE                     postinc2        equ	4062
    62   000FEC                     preinc0         equ	4076
    63   000FE4                     preinc1         equ	4068
    64   000FDC                     preinc2         equ	4060
    65   000FF3                     prod            equ	4083
    66   000FF4                     prodh           equ	4084
    67   000FF3                     prodl           equ	4083
    68   000FD8                     status          equ	4056
    69   000FF5                     tablat          equ	4085
    70   000FF6                     tblptr          equ	4086
    71   000FF7                     tblptrh         equ	4087
    72   000FF6                     tblptrl         equ	4086
    73   000FF8                     tblptru         equ	4088
    74   000FFD                     tosl            equ	4093
    75   000FE8                     wreg            equ	4072
    76   000F38                     ANSELA          equ	3896	;# 
    77   000F39                     ANSELB          equ	3897	;# 
    78   000F3A                     ANSELC          equ	3898	;# 
    79   000F3B                     ANSELD          equ	3899	;# 
    80   000F3C                     ANSELE          equ	3900	;# 
    81   000F3D                     PMD2            equ	3901	;# 
    82   000F3E                     PMD1            equ	3902	;# 
    83   000F3F                     PMD0            equ	3903	;# 
    84   000F40                     VREFCON2        equ	3904	;# 
    85   000F40                     DACCON1         equ	3904	;# 
    86   000F41                     VREFCON1        equ	3905	;# 
    87   000F41                     DACCON0         equ	3905	;# 
    88   000F42                     VREFCON0        equ	3906	;# 
    89   000F42                     FVRCON          equ	3906	;# 
    90   000F43                     CTMUICON        equ	3907	;# 
    91   000F43                     CTMUICONH       equ	3907	;# 
    92   000F44                     CTMUCONL        equ	3908	;# 
    93   000F44                     CTMUCON1        equ	3908	;# 
    94   000F45                     CTMUCONH        equ	3909	;# 
    95   000F45                     CTMUCON0        equ	3909	;# 
    96   000F46                     SRCON1          equ	3910	;# 
    97   000F47                     SRCON0          equ	3911	;# 
    98   000F48                     CCPTMRS1        equ	3912	;# 
    99   000F49                     CCPTMRS0        equ	3913	;# 
   100   000F4A                     T6CON           equ	3914	;# 
   101   000F4B                     PR6             equ	3915	;# 
   102   000F4C                     TMR6            equ	3916	;# 
   103   000F4D                     T5GCON          equ	3917	;# 
   104   000F4E                     T5CON           equ	3918	;# 
   105   000F4F                     TMR5            equ	3919	;# 
   106   000F4F                     TMR5L           equ	3919	;# 
   107   000F50                     TMR5H           equ	3920	;# 
   108   000F51                     T4CON           equ	3921	;# 
   109   000F52                     PR4             equ	3922	;# 
   110   000F53                     TMR4            equ	3923	;# 
   111   000F54                     CCP5CON         equ	3924	;# 
   112   000F55                     CCPR5           equ	3925	;# 
   113   000F55                     CCPR5L          equ	3925	;# 
   114   000F56                     CCPR5H          equ	3926	;# 
   115   000F57                     CCP4CON         equ	3927	;# 
   116   000F58                     CCPR4           equ	3928	;# 
   117   000F58                     CCPR4L          equ	3928	;# 
   118   000F59                     CCPR4H          equ	3929	;# 
   119   000F5A                     PSTR3CON        equ	3930	;# 
   120   000F5B                     ECCP3AS         equ	3931	;# 
   121   000F5B                     CCP3AS          equ	3931	;# 
   122   000F5C                     PWM3CON         equ	3932	;# 
   123   000F5D                     CCP3CON         equ	3933	;# 
   124   000F5E                     CCPR3           equ	3934	;# 
   125   000F5E                     CCPR3L          equ	3934	;# 
   126   000F5F                     CCPR3H          equ	3935	;# 
   127   000F60                     SLRCON          equ	3936	;# 
   128   000F61                     WPUB            equ	3937	;# 
   129   000F62                     IOCB            equ	3938	;# 
   130   000F63                     PSTR2CON        equ	3939	;# 
   131   000F64                     ECCP2AS         equ	3940	;# 
   132   000F64                     CCP2AS          equ	3940	;# 
   133   000F65                     PWM2CON         equ	3941	;# 
   134   000F66                     CCP2CON         equ	3942	;# 
   135   000F67                     CCPR2           equ	3943	;# 
   136   000F67                     CCPR2L          equ	3943	;# 
   137   000F68                     CCPR2H          equ	3944	;# 
   138   000F69                     SSP2CON3        equ	3945	;# 
   139   000F6A                     SSP2MSK         equ	3946	;# 
   140   000F6B                     SSP2CON2        equ	3947	;# 
   141   000F6C                     SSP2CON1        equ	3948	;# 
   142   000F6D                     SSP2STAT        equ	3949	;# 
   143   000F6E                     SSP2ADD         equ	3950	;# 
   144   000F6F                     SSP2BUF         equ	3951	;# 
   145   000F70                     BAUDCON2        equ	3952	;# 
   146   000F70                     BAUD2CON        equ	3952	;# 
   147   000F71                     RCSTA2          equ	3953	;# 
   148   000F71                     RC2STA          equ	3953	;# 
   149   000F72                     TXSTA2          equ	3954	;# 
   150   000F72                     TX2STA          equ	3954	;# 
   151   000F73                     TXREG2          equ	3955	;# 
   152   000F73                     TX2REG          equ	3955	;# 
   153   000F74                     RCREG2          equ	3956	;# 
   154   000F74                     RC2REG          equ	3956	;# 
   155   000F75                     SPBRG2          equ	3957	;# 
   156   000F75                     SP2BRG          equ	3957	;# 
   157   000F76                     SPBRGH2         equ	3958	;# 
   158   000F76                     SP2BRGH         equ	3958	;# 
   159   000F77                     CM2CON1         equ	3959	;# 
   160   000F77                     CM12CON         equ	3959	;# 
   161   000F78                     CM2CON0         equ	3960	;# 
   162   000F78                     CM2CON          equ	3960	;# 
   163   000F79                     CM1CON0         equ	3961	;# 
   164   000F79                     CM1CON          equ	3961	;# 
   165   000F7A                     PIE4            equ	3962	;# 
   166   000F7B                     PIR4            equ	3963	;# 
   167   000F7C                     IPR4            equ	3964	;# 
   168   000F7D                     PIE5            equ	3965	;# 
   169   000F7E                     PIR5            equ	3966	;# 
   170   000F7F                     IPR5            equ	3967	;# 
   171   000F80                     PORTA           equ	3968	;# 
   172   000F81                     PORTB           equ	3969	;# 
   173   000F82                     PORTC           equ	3970	;# 
   174   000F83                     PORTD           equ	3971	;# 
   175   000F84                     PORTE           equ	3972	;# 
   176   000F89                     LATA            equ	3977	;# 
   177   000F8A                     LATB            equ	3978	;# 
   178   000F8B                     LATC            equ	3979	;# 
   179   000F8C                     LATD            equ	3980	;# 
   180   000F8D                     LATE            equ	3981	;# 
   181   000F92                     TRISA           equ	3986	;# 
   182   000F92                     DDRA            equ	3986	;# 
   183   000F93                     TRISB           equ	3987	;# 
   184   000F93                     DDRB            equ	3987	;# 
   185   000F94                     TRISC           equ	3988	;# 
   186   000F94                     DDRC            equ	3988	;# 
   187   000F95                     TRISD           equ	3989	;# 
   188   000F95                     DDRD            equ	3989	;# 
   189   000F96                     TRISE           equ	3990	;# 
   190   000F96                     DDRE            equ	3990	;# 
   191   000F9B                     OSCTUNE         equ	3995	;# 
   192   000F9C                     HLVDCON         equ	3996	;# 
   193   000F9C                     LVDCON          equ	3996	;# 
   194   000F9D                     PIE1            equ	3997	;# 
   195   000F9E                     PIR1            equ	3998	;# 
   196   000F9F                     IPR1            equ	3999	;# 
   197   000FA0                     PIE2            equ	4000	;# 
   198   000FA1                     PIR2            equ	4001	;# 
   199   000FA2                     IPR2            equ	4002	;# 
   200   000FA3                     PIE3            equ	4003	;# 
   201   000FA4                     PIR3            equ	4004	;# 
   202   000FA5                     IPR3            equ	4005	;# 
   203   000FA6                     EECON1          equ	4006	;# 
   204   000FA7                     EECON2          equ	4007	;# 
   205   000FA8                     EEDATA          equ	4008	;# 
   206   000FA9                     EEADR           equ	4009	;# 
   207   000FAA                     EEADRH          equ	4010	;# 
   208   000FAB                     RCSTA1          equ	4011	;# 
   209   000FAB                     RCSTA           equ	4011	;# 
   210   000FAB                     RC1STA          equ	4011	;# 
   211   000FAC                     TXSTA1          equ	4012	;# 
   212   000FAC                     TXSTA           equ	4012	;# 
   213   000FAC                     TX1STA          equ	4012	;# 
   214   000FAD                     TXREG1          equ	4013	;# 
   215   000FAD                     TXREG           equ	4013	;# 
   216   000FAD                     TX1REG          equ	4013	;# 
   217   000FAE                     RCREG1          equ	4014	;# 
   218   000FAE                     RCREG           equ	4014	;# 
   219   000FAE                     RC1REG          equ	4014	;# 
   220   000FAF                     SPBRG1          equ	4015	;# 
   221   000FAF                     SPBRG           equ	4015	;# 
   222   000FAF                     SP1BRG          equ	4015	;# 
   223   000FB0                     SPBRGH1         equ	4016	;# 
   224   000FB0                     SPBRGH          equ	4016	;# 
   225   000FB0                     SP1BRGH         equ	4016	;# 
   226   000FB1                     T3CON           equ	4017	;# 
   227   000FB2                     TMR3            equ	4018	;# 
   228   000FB2                     TMR3L           equ	4018	;# 
   229   000FB3                     TMR3H           equ	4019	;# 
   230   000FB4                     T3GCON          equ	4020	;# 
   231   000FB6                     ECCP1AS         equ	4022	;# 
   232   000FB6                     ECCPAS          equ	4022	;# 
   233   000FB7                     PWM1CON         equ	4023	;# 
   234   000FB7                     PWMCON          equ	4023	;# 
   235   000FB8                     BAUDCON1        equ	4024	;# 
   236   000FB8                     BAUDCON         equ	4024	;# 
   237   000FB8                     BAUDCTL         equ	4024	;# 
   238   000FB8                     BAUD1CON        equ	4024	;# 
   239   000FB9                     PSTR1CON        equ	4025	;# 
   240   000FB9                     PSTRCON         equ	4025	;# 
   241   000FBA                     T2CON           equ	4026	;# 
   242   000FBB                     PR2             equ	4027	;# 
   243   000FBC                     TMR2            equ	4028	;# 
   244   000FBD                     CCP1CON         equ	4029	;# 
   245   000FBE                     CCPR1           equ	4030	;# 
   246   000FBE                     CCPR1L          equ	4030	;# 
   247   000FBF                     CCPR1H          equ	4031	;# 
   248   000FC0                     ADCON2          equ	4032	;# 
   249   000FC1                     ADCON1          equ	4033	;# 
   250   000FC2                     ADCON0          equ	4034	;# 
   251   000FC3                     ADRES           equ	4035	;# 
   252   000FC3                     ADRESL          equ	4035	;# 
   253   000FC4                     ADRESH          equ	4036	;# 
   254   000FC5                     SSP1CON2        equ	4037	;# 
   255   000FC5                     SSPCON2         equ	4037	;# 
   256   000FC6                     SSP1CON1        equ	4038	;# 
   257   000FC6                     SSPCON1         equ	4038	;# 
   258   000FC7                     SSP1STAT        equ	4039	;# 
   259   000FC7                     SSPSTAT         equ	4039	;# 
   260   000FC8                     SSP1ADD         equ	4040	;# 
   261   000FC8                     SSPADD          equ	4040	;# 
   262   000FC9                     SSP1BUF         equ	4041	;# 
   263   000FC9                     SSPBUF          equ	4041	;# 
   264   000FCA                     SSP1MSK         equ	4042	;# 
   265   000FCA                     SSPMSK          equ	4042	;# 
   266   000FCB                     SSP1CON3        equ	4043	;# 
   267   000FCB                     SSPCON3         equ	4043	;# 
   268   000FCC                     T1GCON          equ	4044	;# 
   269   000FCD                     T1CON           equ	4045	;# 
   270   000FCE                     TMR1            equ	4046	;# 
   271   000FCE                     TMR1L           equ	4046	;# 
   272   000FCF                     TMR1H           equ	4047	;# 
   273   000FD0                     RCON            equ	4048	;# 
   274   000FD1                     WDTCON          equ	4049	;# 
   275   000FD2                     OSCCON2         equ	4050	;# 
   276   000FD3                     OSCCON          equ	4051	;# 
   277   000FD5                     T0CON           equ	4053	;# 
   278   000FD6                     TMR0            equ	4054	;# 
   279   000FD6                     TMR0L           equ	4054	;# 
   280   000FD7                     TMR0H           equ	4055	;# 
   281   000FD8                     STATUS          equ	4056	;# 
   282   000FD9                     FSR2            equ	4057	;# 
   283   000FD9                     FSR2L           equ	4057	;# 
   284   000FDA                     FSR2H           equ	4058	;# 
   285   000FDB                     PLUSW2          equ	4059	;# 
   286   000FDC                     PREINC2         equ	4060	;# 
   287   000FDD                     POSTDEC2        equ	4061	;# 
   288   000FDE                     POSTINC2        equ	4062	;# 
   289   000FDF                     INDF2           equ	4063	;# 
   290   000FE0                     BSR             equ	4064	;# 
   291   000FE1                     FSR1            equ	4065	;# 
   292   000FE1                     FSR1L           equ	4065	;# 
   293   000FE2                     FSR1H           equ	4066	;# 
   294   000FE3                     PLUSW1          equ	4067	;# 
   295   000FE4                     PREINC1         equ	4068	;# 
   296   000FE5                     POSTDEC1        equ	4069	;# 
   297   000FE6                     POSTINC1        equ	4070	;# 
   298   000FE7                     INDF1           equ	4071	;# 
   299   000FE8                     WREG            equ	4072	;# 
   300   000FE9                     FSR0            equ	4073	;# 
   301   000FE9                     FSR0L           equ	4073	;# 
   302   000FEA                     FSR0H           equ	4074	;# 
   303   000FEB                     PLUSW0          equ	4075	;# 
   304   000FEC                     PREINC0         equ	4076	;# 
   305   000FED                     POSTDEC0        equ	4077	;# 
   306   000FEE                     POSTINC0        equ	4078	;# 
   307   000FEF                     INDF0           equ	4079	;# 
   308   000FF0                     INTCON3         equ	4080	;# 
   309   000FF1                     INTCON2         equ	4081	;# 
   310   000FF2                     INTCON          equ	4082	;# 
   311   000FF3                     PROD            equ	4083	;# 
   312   000FF3                     PRODL           equ	4083	;# 
   313   000FF4                     PRODH           equ	4084	;# 
   314   000FF5                     TABLAT          equ	4085	;# 
   315   000FF6                     TBLPTR          equ	4086	;# 
   316   000FF6                     TBLPTRL         equ	4086	;# 
   317   000FF7                     TBLPTRH         equ	4087	;# 
   318   000FF8                     TBLPTRU         equ	4088	;# 
   319   000FF9                     PCLAT           equ	4089	;# 
   320   000FF9                     PC              equ	4089	;# 
   321   000FF9                     PCL             equ	4089	;# 
   322   000FFA                     PCLATH          equ	4090	;# 
   323   000FFB                     PCLATU          equ	4091	;# 
   324   000FFC                     STKPTR          equ	4092	;# 
   325   000FFD                     TOS             equ	4093	;# 
   326   000FFD                     TOSL            equ	4093	;# 
   327   000FFE                     TOSH            equ	4094	;# 
   328   000FFF                     TOSU            equ	4095	;# 
   329   000F3B                     _ANSELD         set	3899
   330   000F39                     _ANSELB         set	3897
   331   000F95                     _TRISD          set	3989
   332   000F93                     _TRISB          set	3987
   333   000F9B                     _OSCTUNE        set	3995
   334   000FD3                     _OSCCON         set	4051
   335   000F8A                     _LATB           set	3978
   336   000F8C                     _LATD           set	3980
   337                           
   338                           ; #config settings
   339                           
   340                           	psect	cinit
   341   00110C                     __pcinit:
   342                           	callstack 0
   343   00110C                     start_initialization:
   344                           	callstack 0
   345   00110C                     __initialization:
   346                           	callstack 0
   347   00110C                     end_of_initialization:
   348                           	callstack 0
   349   00110C                     __end_of__initialization:
   350                           	callstack 0
   351   00110C  0100               	movlb	0
   352   00110E  EF01  F008         	goto	_main	;jump to C main() function
   353                           
   354                           	psect	cstackCOMRAM
   355   000001                     __pcstackCOMRAM:
   356                           	callstack 0
   357   000001                     set_lights@rb_val:
   358                           	callstack 0
   359                           
   360                           ; 1 bytes @ 0x0
   361   000001                     	ds	1
   362   000002                     ??_set_lights:
   363                           
   364                           ; 1 bytes @ 0x1
   365   000002                     	ds	1
   366   000003                     set_lights@rd_val:
   367                           	callstack 0
   368                           
   369                           ; 1 bytes @ 0x2
   370   000003                     	ds	1
   371   000004                     ??_main:
   372                           
   373                           ; 1 bytes @ 0x3
   374   000004                     	ds	2
   375                           
   376 ;;
   377 ;;Main: autosize = 0, tempsize = 2, incstack = 0, save=0
   378 ;;
   379 ;; *************** function _main *****************
   380 ;; Defined at:
   381 ;;		line 64 in file "Lab3.c"
   382 ;; Parameters:    Size  Location     Type
   383 ;;		None
   384 ;; Auto vars:     Size  Location     Type
   385 ;;		None
   386 ;; Return value:  Size  Location     Type
   387 ;;                  1    wreg      void 
   388 ;; Registers used:
   389 ;;		wreg, status,2, status,0, cstack
   390 ;; Tracked objects:
   391 ;;		On entry : 0/0
   392 ;;		On exit  : 0/0
   393 ;;		Unchanged: 0/0
   394 ;; Data sizes:     COMRAM   BANK0   BANK1   BANK2   BANK3   BANK4   BANK5   BANK6   BANK7   BANK8   BANK9  BANK10  BANK1
      +1  BANK12  BANK13  BANK14  BANK15
   395 ;;      Params:         0       0       0       0       0       0       0       0       0       0       0       0       
      +0       0       0       0       0
   396 ;;      Locals:         0       0       0       0       0       0       0       0       0       0       0       0       
      +0       0       0       0       0
   397 ;;      Temps:          2       0       0       0       0       0       0       0       0       0       0       0       
      +0       0       0       0       0
   398 ;;      Totals:         2       0       0       0       0       0       0       0       0       0       0       0       
      +0       0       0       0       0
   399 ;;Total ram usage:        2 bytes
   400 ;; Hardware stack levels required when called: 2
   401 ;; This function calls:
   402 ;;		_init
   403 ;;		_set_lights
   404 ;; This function is called by:
   405 ;;		Startup code after reset
   406 ;; This function uses a non-reentrant model
   407 ;;
   408                           
   409                           	psect	text0
   410   001002                     __ptext0:
   411                           	callstack 0
   412   001002                     _main:
   413                           	callstack 29
   414   001002                     
   415                           ;Lab3.c: 65:     init();
   416   001002  EC75  F008         	call	_init	;wreg free
   417   001006                     l29:
   418                           
   419                           ;Lab3.c: 76:         set_lights(0x09, 0x24);
   420   001006  0E24               	movlw	36
   421   001008  6E01               	movwf	set_lights@rb_val^0,c
   422   00100A  0E09               	movlw	9
   423   00100C  EC63  F008         	call	_set_lights
   424   001010                     
   425                           ;Lab3.c: 77:        _delay((unsigned long)((3000)*(64000000UL/4000.0)));
   426   001010  0EF4               	movlw	244
   427   001012  6E05               	movwf	(??_main+1)^0,c
   428   001014  0E82               	movlw	130
   429   001016  6E04               	movwf	??_main^0,c
   430   001018  0E05               	movlw	5
   431   00101A                     u17:
   432   00101A  2EE8               	decfsz	wreg,f,c
   433   00101C  D7FE               	bra	u17
   434   00101E  2E04               	decfsz	??_main^0,f,c
   435   001020  D7FC               	bra	u17
   436   001022  2E05               	decfsz	(??_main+1)^0,f,c
   437   001024  D7FA               	bra	u17
   438   001026  0000               	nop	
   439   001028                     
   440                           ;Lab3.c: 78:        _delay((unsigned long)((3000)*(64000000UL/4000.0)));
   441   001028  0EF4               	movlw	244
   442   00102A  6E05               	movwf	(??_main+1)^0,c
   443   00102C  0E82               	movlw	130
   444   00102E  6E04               	movwf	??_main^0,c
   445   001030  0E05               	movlw	5
   446   001032                     u27:
   447   001032  2EE8               	decfsz	wreg,f,c
   448   001034  D7FE               	bra	u27
   449   001036  2E04               	decfsz	??_main^0,f,c
   450   001038  D7FC               	bra	u27
   451   00103A  2E05               	decfsz	(??_main+1)^0,f,c
   452   00103C  D7FA               	bra	u27
   453   00103E  0000               	nop	
   454                           
   455                           ;Lab3.c: 80:         set_lights(0x12, 0x12);
   456   001040  0E12               	movlw	18
   457   001042  6E01               	movwf	set_lights@rb_val^0,c
   458   001044  0E12               	movlw	18
   459   001046  EC63  F008         	call	_set_lights
   460   00104A                     
   461                           ;Lab3.c: 81:         _delay((unsigned long)((3000)*(64000000UL/4000.0)));
   462   00104A  0EF4               	movlw	244
   463   00104C  6E05               	movwf	(??_main+1)^0,c
   464   00104E  0E82               	movlw	130
   465   001050  6E04               	movwf	??_main^0,c
   466   001052  0E05               	movlw	5
   467   001054                     u37:
   468   001054  2EE8               	decfsz	wreg,f,c
   469   001056  D7FE               	bra	u37
   470   001058  2E04               	decfsz	??_main^0,f,c
   471   00105A  D7FC               	bra	u37
   472   00105C  2E05               	decfsz	(??_main+1)^0,f,c
   473   00105E  D7FA               	bra	u37
   474   001060  0000               	nop	
   475   001062                     
   476                           ;Lab3.c: 83:         set_lights(0x24, 0x09);
   477   001062  0E09               	movlw	9
   478   001064  6E01               	movwf	set_lights@rb_val^0,c
   479   001066  0E24               	movlw	36
   480   001068  EC63  F008         	call	_set_lights
   481                           
   482                           ;Lab3.c: 84:         _delay((unsigned long)((3000)*(64000000UL/4000.0)));
   483   00106C  0EF4               	movlw	244
   484   00106E  6E05               	movwf	(??_main+1)^0,c
   485   001070  0E82               	movlw	130
   486   001072  6E04               	movwf	??_main^0,c
   487   001074  0E05               	movlw	5
   488   001076                     u47:
   489   001076  2EE8               	decfsz	wreg,f,c
   490   001078  D7FE               	bra	u47
   491   00107A  2E04               	decfsz	??_main^0,f,c
   492   00107C  D7FC               	bra	u47
   493   00107E  2E05               	decfsz	(??_main+1)^0,f,c
   494   001080  D7FA               	bra	u47
   495   001082  0000               	nop	
   496                           
   497                           ;Lab3.c: 85:         _delay((unsigned long)((3000)*(64000000UL/4000.0)));
   498   001084  0EF4               	movlw	244
   499   001086  6E05               	movwf	(??_main+1)^0,c
   500   001088  0E82               	movlw	130
   501   00108A  6E04               	movwf	??_main^0,c
   502   00108C  0E05               	movlw	5
   503   00108E                     u57:
   504   00108E  2EE8               	decfsz	wreg,f,c
   505   001090  D7FE               	bra	u57
   506   001092  2E04               	decfsz	??_main^0,f,c
   507   001094  D7FC               	bra	u57
   508   001096  2E05               	decfsz	(??_main+1)^0,f,c
   509   001098  D7FA               	bra	u57
   510   00109A  0000               	nop	
   511   00109C                     
   512                           ;Lab3.c: 87:         set_lights(0x12, 0x12);
   513   00109C  0E12               	movlw	18
   514   00109E  6E01               	movwf	set_lights@rb_val^0,c
   515   0010A0  0E12               	movlw	18
   516   0010A2  EC63  F008         	call	_set_lights
   517   0010A6                     
   518                           ;Lab3.c: 88:         _delay((unsigned long)((3000)*(64000000UL/4000.0)));
   519   0010A6  0EF4               	movlw	244
   520   0010A8  6E05               	movwf	(??_main+1)^0,c
   521   0010AA  0E82               	movlw	130
   522   0010AC  6E04               	movwf	??_main^0,c
   523   0010AE  0E05               	movlw	5
   524   0010B0                     u67:
   525   0010B0  2EE8               	decfsz	wreg,f,c
   526   0010B2  D7FE               	bra	u67
   527   0010B4  2E04               	decfsz	??_main^0,f,c
   528   0010B6  D7FC               	bra	u67
   529   0010B8  2E05               	decfsz	(??_main+1)^0,f,c
   530   0010BA  D7FA               	bra	u67
   531   0010BC  0000               	nop	
   532   0010BE  EF03  F008         	goto	l29
   533   0010C2  EFFE  F07F         	goto	start
   534   0010C6                     __end_of_main:
   535                           	callstack 0
   536                           
   537 ;; *************** function _init *****************
   538 ;; Defined at:
   539 ;;		line 37 in file "Lab3.c"
   540 ;; Parameters:    Size  Location     Type
   541 ;;		None
   542 ;; Auto vars:     Size  Location     Type
   543 ;;		None
   544 ;; Return value:  Size  Location     Type
   545 ;;                  1    wreg      void 
   546 ;; Registers used:
   547 ;;		wreg, status,2, status,0, cstack
   548 ;; Tracked objects:
   549 ;;		On entry : 0/0
   550 ;;		On exit  : 0/0
   551 ;;		Unchanged: 0/0
   552 ;; Data sizes:     COMRAM   BANK0   BANK1   BANK2   BANK3   BANK4   BANK5   BANK6   BANK7   BANK8   BANK9  BANK10  BANK1
      +1  BANK12  BANK13  BANK14  BANK15
   553 ;;      Params:         0       0       0       0       0       0       0       0       0       0       0       0       
      +0       0       0       0       0
   554 ;;      Locals:         0       0       0       0       0       0       0       0       0       0       0       0       
      +0       0       0       0       0
   555 ;;      Temps:          0       0       0       0       0       0       0       0       0       0       0       0       
      +0       0       0       0       0
   556 ;;      Totals:         0       0       0       0       0       0       0       0       0       0       0       0       
      +0       0       0       0       0
   557 ;;Total ram usage:        0 bytes
   558 ;; Hardware stack levels used: 1
   559 ;; Hardware stack levels required when called: 1
   560 ;; This function calls:
   561 ;;		_set_lights
   562 ;; This function is called by:
   563 ;;		_main
   564 ;; This function uses a non-reentrant model
   565 ;;
   566                           
   567                           	psect	text1
   568   0010EA                     __ptext1:
   569                           	callstack 0
   570   0010EA                     _init:
   571                           	callstack 29
   572   0010EA                     
   573                           ;Lab3.c: 40:      OSCCON = 0b01110000;
   574   0010EA  0E70               	movlw	112
   575   0010EC  6ED3               	movwf	211,c	;volatile
   576                           
   577                           ;Lab3.c: 41:      OSCTUNE = 0b01000000;
   578   0010EE  0E40               	movlw	64
   579   0010F0  6E9B               	movwf	155,c	;volatile
   580   0010F2                     
   581                           ;Lab3.c: 45:    ANSELB = 0;
   582   0010F2  010F               	movlb	15	; () banked
   583   0010F4  6B39               	clrf	57,b	;volatile
   584   0010F6                     
   585                           ; BSR set to: 15
   586                           ;Lab3.c: 46:    ANSELD = 0;
   587   0010F6  6B3B               	clrf	59,b	;volatile
   588   0010F8                     
   589                           ; BSR set to: 15
   590                           ;Lab3.c: 51:    TRISB &= 0xC0;
   591   0010F8  0EC0               	movlw	192
   592   0010FA  1693               	andwf	147,f,c	;volatile
   593   0010FC                     
   594                           ; BSR set to: 15
   595                           ;Lab3.c: 52:    TRISD &= 0xC0;
   596   0010FC  0EC0               	movlw	192
   597   0010FE  1695               	andwf	149,f,c	;volatile
   598   001100                     
   599                           ; BSR set to: 15
   600                           ;Lab3.c: 55:    set_lights(0x09, 0x09);
   601   001100  0E09               	movlw	9
   602   001102  6E01               	movwf	set_lights@rb_val^0,c
   603   001104  0E09               	movlw	9
   604   001106  EC63  F008         	call	_set_lights
   605   00110A  0012               	return		;funcret
   606   00110C                     __end_of_init:
   607                           	callstack 0
   608                           
   609 ;; *************** function _set_lights *****************
   610 ;; Defined at:
   611 ;;		line 30 in file "Lab3.c"
   612 ;; Parameters:    Size  Location     Type
   613 ;;  rd_val          1    wreg     unsigned char 
   614 ;;  rb_val          1    0[COMRAM] unsigned char 
   615 ;; Auto vars:     Size  Location     Type
   616 ;;  rd_val          1    2[COMRAM] unsigned char 
   617 ;; Return value:  Size  Location     Type
   618 ;;                  1    wreg      void 
   619 ;; Registers used:
   620 ;;		wreg, status,2, status,0
   621 ;; Tracked objects:
   622 ;;		On entry : 0/0
   623 ;;		On exit  : 0/0
   624 ;;		Unchanged: 0/0
   625 ;; Data sizes:     COMRAM   BANK0   BANK1   BANK2   BANK3   BANK4   BANK5   BANK6   BANK7   BANK8   BANK9  BANK10  BANK1
      +1  BANK12  BANK13  BANK14  BANK15
   626 ;;      Params:         1       0       0       0       0       0       0       0       0       0       0       0       
      +0       0       0       0       0
   627 ;;      Locals:         1       0       0       0       0       0       0       0       0       0       0       0       
      +0       0       0       0       0
   628 ;;      Temps:          1       0       0       0       0       0       0       0       0       0       0       0       
      +0       0       0       0       0
   629 ;;      Totals:         3       0       0       0       0       0       0       0       0       0       0       0       
      +0       0       0       0       0
   630 ;;Total ram usage:        3 bytes
   631 ;; Hardware stack levels used: 1
   632 ;; This function calls:
   633 ;;		Nothing
   634 ;; This function is called by:
   635 ;;		_init
   636 ;;		_main
   637 ;; This function uses a non-reentrant model
   638 ;;
   639                           
   640                           	psect	text2
   641   0010C6                     __ptext2:
   642                           	callstack 0
   643   0010C6                     _set_lights:
   644                           	callstack 29
   645                           
   646                           ;incstack = 0
   647                           ;set_lights@rd_val stored from wreg
   648   0010C6  6E03               	movwf	set_lights@rd_val^0,c
   649   0010C8                     
   650                           ;Lab3.c: 33:     LATD =(LATD & 0xC0) | (rd_val & 0x3F);
   651   0010C8  C003  F002         	movff	set_lights@rd_val,??_set_lights
   652   0010CC  0E3F               	movlw	63
   653   0010CE  1602               	andwf	??_set_lights^0,f,c
   654   0010D0  508C               	movf	140,w,c	;volatile
   655   0010D2  0BC0               	andlw	192
   656   0010D4  1002               	iorwf	??_set_lights^0,w,c
   657   0010D6  6E8C               	movwf	140,c	;volatile
   658                           
   659                           ;Lab3.c: 34:     LATB = (LATB & 0xC0) | (rb_val & 0x3F);
   660   0010D8  C001  F002         	movff	set_lights@rb_val,??_set_lights
   661   0010DC  0E3F               	movlw	63
   662   0010DE  1602               	andwf	??_set_lights^0,f,c
   663   0010E0  508A               	movf	138,w,c	;volatile
   664   0010E2  0BC0               	andlw	192
   665   0010E4  1002               	iorwf	??_set_lights^0,w,c
   666   0010E6  6E8A               	movwf	138,c	;volatile
   667   0010E8  0012               	return		;funcret
   668   0010EA                     __end_of_set_lights:
   669                           	callstack 0
   670                           
   671                           	psect	smallconst
   672   001000                     __psmallconst:
   673                           	callstack 0
   674   001000  00                 	db	0
   675   001001  00                 	db	0	; dummy byte at the end
   676   001000                     __smallconst    set	__psmallconst
   677   001000                     __mediumconst   set	__psmallconst
   678   000000                     __activetblptr  equ	0
   679                           
   680                           	psect	rparam
   681   000001                     ___rparam_used  equ	1
   682   000000                     ___param_bank   equ	0
   683   000000                     __Lparam        equ	__Lrparam
   684   000000                     __Hparam        equ	__Hrparam
   685                           
   686                           	psect	config
   687                           
   688                           ; Padding undefined space
   689   300000                     	org	3145728
   690   300000  FF                 	db	255
   691                           
   692                           ;Config register CONFIG1H @ 0x300001
   693                           ;	Oscillator Selection bits
   694                           ;	FOSC = INTIO67, Internal oscillator block
   695                           ;	4X PLL Enable
   696                           ;	PLLCFG = ON, Oscillator multiplied by 4
   697                           ;	Primary clock enable bit
   698                           ;	PRICLKEN = ON, Primary clock is always enabled
   699                           ;	Fail-Safe Clock Monitor Enable bit
   700                           ;	FCMEN = OFF, Fail-Safe Clock Monitor disabled
   701                           ;	Internal/External Oscillator Switchover bit
   702                           ;	IESO = OFF, Oscillator Switchover mode disabled
   703   300001                     	org	3145729
   704   300001  38                 	db	56
   705                           
   706                           ;Config register CONFIG2L @ 0x300002
   707                           ;	Power-up Timer Enable bit
   708                           ;	PWRTEN = ON, Power up timer enabled
   709                           ;	Brown-out Reset Enable bits
   710                           ;	BOREN = SBORDIS, Brown-out Reset enabled in hardware only (SBOREN is disabled)
   711                           ;	Brown Out Reset Voltage bits
   712                           ;	BORV = 250, VBOR set to 2.50 V nominal
   713   300002                     	org	3145730
   714   300002  0E                 	db	14
   715                           
   716                           ;Config register CONFIG2H @ 0x300003
   717                           ;	Watchdog Timer Enable bits
   718                           ;	WDTEN = OFF, Watch dog timer is always disabled. SWDTEN has no effect.
   719                           ;	Watchdog Timer Postscale Select bits
   720                           ;	WDTPS = 32768, 1:32768
   721   300003                     	org	3145731
   722   300003  3C                 	db	60
   723                           
   724                           ; Padding undefined space
   725   300004                     	org	3145732
   726   300004  FF                 	db	255
   727                           
   728                           ;Config register CONFIG3H @ 0x300005
   729                           ;	CCP2 MUX bit
   730                           ;	CCP2MX = PORTC1, CCP2 input/output is multiplexed with RC1
   731                           ;	PORTB A/D Enable bit
   732                           ;	PBADEN = ON, PORTB<5:0> pins are configured as analog input channels on Reset
   733                           ;	P3A/CCP3 Mux bit
   734                           ;	CCP3MX = PORTB5, P3A/CCP3 input/output is multiplexed with RB5
   735                           ;	HFINTOSC Fast Start-up
   736                           ;	HFOFST = ON, HFINTOSC output and ready status are not delayed by the oscillator stable
      +                           status
   737                           ;	Timer3 Clock input mux bit
   738                           ;	T3CMX = PORTC0, T3CKI is on RC0
   739                           ;	ECCP2 B output mux bit
   740                           ;	P2BMX = PORTD2, P2B is on RD2
   741                           ;	MCLR Pin Enable bit
   742                           ;	MCLRE = EXTMCLR, MCLR pin enabled, RE3 input pin disabled
   743   300005                     	org	3145733
   744   300005  BF                 	db	191
   745                           
   746                           ;Config register CONFIG4L @ 0x300006
   747                           ;	Stack Full/Underflow Reset Enable bit
   748                           ;	STVREN = ON, Stack full/underflow will cause Reset
   749                           ;	Single-Supply ICSP Enable bit
   750                           ;	LVP = ON, Single-Supply ICSP enabled if MCLRE is also 1
   751                           ;	Extended Instruction Set Enable bit
   752                           ;	XINST = OFF, Instruction set extension and Indexed Addressing mode disabled (Legacy mo
      +                          de)
   753                           ;	Background Debug
   754                           ;	DEBUG = 0x1, unprogrammed default
   755   300006                     	org	3145734
   756   300006  85                 	db	133
   757                           
   758                           ; Padding undefined space
   759   300007                     	org	3145735
   760   300007  FF                 	db	255
   761                           
   762                           ;Config register CONFIG5L @ 0x300008
   763                           ;	Code Protection Block 0
   764                           ;	CP0 = OFF, Block 0 (000800-003FFFh) not code-protected
   765                           ;	Code Protection Block 1
   766                           ;	CP1 = OFF, Block 1 (004000-007FFFh) not code-protected
   767                           ;	Code Protection Block 2
   768                           ;	CP2 = OFF, Block 2 (008000-00BFFFh) not code-protected
   769                           ;	Code Protection Block 3
   770                           ;	CP3 = OFF, Block 3 (00C000-00FFFFh) not code-protected
   771   300008                     	org	3145736
   772   300008  0F                 	db	15
   773                           
   774                           ;Config register CONFIG5H @ 0x300009
   775                           ;	Boot Block Code Protection bit
   776                           ;	CPB = OFF, Boot block (000000-0007FFh) not code-protected
   777                           ;	Data EEPROM Code Protection bit
   778                           ;	CPD = OFF, Data EEPROM not code-protected
   779   300009                     	org	3145737
   780   300009  C0                 	db	192
   781                           
   782                           ;Config register CONFIG6L @ 0x30000A
   783                           ;	Write Protection Block 0
   784                           ;	WRT0 = OFF, Block 0 (000800-003FFFh) not write-protected
   785                           ;	Write Protection Block 1
   786                           ;	WRT1 = OFF, Block 1 (004000-007FFFh) not write-protected
   787                           ;	Write Protection Block 2
   788                           ;	WRT2 = OFF, Block 2 (008000-00BFFFh) not write-protected
   789                           ;	Write Protection Block 3
   790                           ;	WRT3 = OFF, Block 3 (00C000-00FFFFh) not write-protected
   791   30000A                     	org	3145738
   792   30000A  0F                 	db	15
   793                           
   794                           ;Config register CONFIG6H @ 0x30000B
   795                           ;	Configuration Register Write Protection bit
   796                           ;	WRTC = OFF, Configuration registers (300000-3000FFh) not write-protected
   797                           ;	Boot Block Write Protection bit
   798                           ;	WRTB = OFF, Boot Block (000000-0007FFh) not write-protected
   799                           ;	Data EEPROM Write Protection bit
   800                           ;	WRTD = OFF, Data EEPROM not write-protected
   801   30000B                     	org	3145739
   802   30000B  E0                 	db	224
   803                           
   804                           ;Config register CONFIG7L @ 0x30000C
   805                           ;	Table Read Protection Block 0
   806                           ;	EBTR0 = OFF, Block 0 (000800-003FFFh) not protected from table reads executed in other
      +                           blocks
   807                           ;	Table Read Protection Block 1
   808                           ;	EBTR1 = OFF, Block 1 (004000-007FFFh) not protected from table reads executed in other
      +                           blocks
   809                           ;	Table Read Protection Block 2
   810                           ;	EBTR2 = OFF, Block 2 (008000-00BFFFh) not protected from table reads executed in other
      +                           blocks
   811                           ;	Table Read Protection Block 3
   812                           ;	EBTR3 = OFF, Block 3 (00C000-00FFFFh) not protected from table reads executed in other
      +                           blocks
   813   30000C                     	org	3145740
   814   30000C  0F                 	db	15
   815                           
   816                           ;Config register CONFIG7H @ 0x30000D
   817                           ;	Boot Block Table Read Protection bit
   818                           ;	EBTRB = OFF, Boot Block (000000-0007FFh) not protected from table reads executed in ot
      +                          her blocks
   819   30000D                     	org	3145741
   820   30000D  40                 	db	64
   821                           tosu	equ	0xFFF
   822                           tosh	equ	0xFFE
   823                           tosl	equ	0xFFD
   824                           stkptr	equ	0xFFC
   825                           pclatu	equ	0xFFB
   826                           pclath	equ	0xFFA
   827                           pcl	equ	0xFF9
   828                           tblptru	equ	0xFF8
   829                           tblptrh	equ	0xFF7
   830                           tblptrl	equ	0xFF6
   831                           tablat	equ	0xFF5
   832                           prodh	equ	0xFF4
   833                           prodl	equ	0xFF3
   834                           indf0	equ	0xFEF
   835                           postinc0	equ	0xFEE
   836                           postdec0	equ	0xFED
   837                           preinc0	equ	0xFEC
   838                           plusw0	equ	0xFEB
   839                           fsr0h	equ	0xFEA
   840                           fsr0l	equ	0xFE9
   841                           wreg	equ	0xFE8
   842                           indf1	equ	0xFE7
   843                           postinc1	equ	0xFE6
   844                           postdec1	equ	0xFE5
   845                           preinc1	equ	0xFE4
   846                           plusw1	equ	0xFE3
   847                           fsr1h	equ	0xFE2
   848                           fsr1l	equ	0xFE1
   849                           bsr	equ	0xFE0
   850                           indf2	equ	0xFDF
   851                           postinc2	equ	0xFDE
   852                           postdec2	equ	0xFDD
   853                           preinc2	equ	0xFDC
   854                           plusw2	equ	0xFDB
   855                           fsr2h	equ	0xFDA
   856                           fsr2l	equ	0xFD9
   857                           status	equ	0xFD8

Data Sizes:
    Strings     0
    Constant    0
    Data        0
    BSS         0
    Persistent  0
    Stack       0

Auto Spaces:
    Space          Size  Autos    Used
    COMRAM           95      5       5
    BANK0           160      0       0
    BANK1           256      0       0
    BANK2           256      0       0
    BANK3           256      0       0
    BANK4           256      0       0
    BANK5           256      0       0
    BANK6           256      0       0
    BANK7           256      0       0
    BANK8           256      0       0
    BANK9           256      0       0
    BANK10          256      0       0
    BANK11          256      0       0
    BANK12          256      0       0
    BANK13          256      0       0
    BANK14          256      0       0
    BANK15           56      0       0

Pointer List with Targets:

    None.

Critical Paths under _main in COMRAM

    _main->_set_lights
    _init->_set_lights

Critical Paths under _main in BANK0

    None.

Critical Paths under _main in BANK1

    None.

Critical Paths under _main in BANK2

    None.

Critical Paths under _main in BANK3

    None.

Critical Paths under _main in BANK4

    None.

Critical Paths under _main in BANK5

    None.

Critical Paths under _main in BANK6

    None.

Critical Paths under _main in BANK7

    None.

Critical Paths under _main in BANK8

    None.

Critical Paths under _main in BANK9

    None.

Critical Paths under _main in BANK10

    None.

Critical Paths under _main in BANK11

    None.

Critical Paths under _main in BANK12

    None.

Critical Paths under _main in BANK13

    None.

Critical Paths under _main in BANK14

    None.

Critical Paths under _main in BANK15

    None.

Call Graph Tables:

 ---------------------------------------------------------------------------------
 (Depth) Function   	        Calls       Base Space   Used Autos Params    Refs
 ---------------------------------------------------------------------------------
 (0) _main                                                 2     2      0     112
                                              3 COMRAM     2     2      0
                               _init
                         _set_lights
 ---------------------------------------------------------------------------------
 (1) _init                                                 0     0      0      56
                         _set_lights
 ---------------------------------------------------------------------------------
 (2) _set_lights                                           3     2      1      56
                                              0 COMRAM     3     2      1
 ---------------------------------------------------------------------------------
 Estimated maximum stack depth 2
 ---------------------------------------------------------------------------------

 Call Graph Graphs:

 _main (ROOT)
   _init
     _set_lights
   _set_lights

Address spaces:
Name               Size   Autos  Total    Usage
BITCOMRAM           95      0       0      0.0%
BITBANK0           160      0       0      0.0%
BITBANK1           256      0       0      0.0%
BITBANK2           256      0       0      0.0%
BITBANK3           256      0       0      0.0%
BITBANK4           256      0       0      0.0%
BITBANK5           256      0       0      0.0%
BITBANK6           256      0       0      0.0%
BITBANK7           256      0       0      0.0%
BITBANK8           256      0       0      0.0%
BITBANK9           256      0       0      0.0%
BITBANK10          256      0       0      0.0%
BITBANK11          256      0       0      0.0%
BITBANK12          256      0       0      0.0%
BITBANK13          256      0       0      0.0%
BITBANK14          256      0       0      0.0%
BITBANK15           56      0       0      0.0%
BITBIGSFRh         117      0       0      0.0%
BITBIGSFRlh         80      0       0      0.0%
BITBIGSFRll          1      0       0      0.0%
COMRAM              95      5       5      5.3%
BANK0              160      0       0      0.0%
BANK1              256      0       0      0.0%
BANK2              256      0       0      0.0%
BANK3              256      0       0      0.0%
BANK4              256      0       0      0.0%
BANK5              256      0       0      0.0%
BANK6              256      0       0      0.0%
BANK7              256      0       0      0.0%
BANK8              256      0       0      0.0%
BANK9              256      0       0      0.0%
BANK10             256      0       0      0.0%
BANK11             256      0       0      0.0%
BANK12             256      0       0      0.0%
BANK13             256      0       0      0.0%
BANK14             256      0       0      0.0%
BANK15              56      0       0      0.0%
BIGRAM            3895      0       0      0.0%
STACK                0      0       0      0.0%
DATA                 0      0       5      0.0%


Microchip Technology PIC18 Macro Assembler V3.10 build 20250813170317 
Symbol Table                                                                                   Wed Sep 23 19:09:07 2026

                     l21 10E8                       l24 110A                       l29 1006  
                     u17 101A                       u27 1032                       u37 1054  
                     u47 1076                       u57 108E                       u67 10B0  
                    l850 10F2                      l852 10F6                      l860 1002  
                    l846 10C8                      l854 10F8                      l870 109C  
                    l862 1010                      l856 10FC                      l848 10EA  
                    l872 10A6                      l864 1028                      l858 1100  
                    l866 104A                      l868 1062                      wreg 0FE8  
                   _LATB 0F8A                     _LATD 0F8C                     _main 1002  
                   _init 10EA                     start FFFC             ___param_bank 0000  
                  ?_main 0001                    ?_init 0001                    _TRISB 0F93  
                  _TRISD 0F95          __initialization 110C             __end_of_main 10C6  
           __end_of_init 110C                   ??_main 0004                   ??_init 0004  
          __activetblptr 0000                   _ANSELB 0F39                   _ANSELD 0F3B  
                 _OSCCON 0FD3                   isa$std 0001             __mediumconst 1000  
             __accesstop 0060  __end_of__initialization 110C            ___rparam_used 0001  
         __pcstackCOMRAM 0001                  _OSCTUNE 0F9B                  __Hparam 0000  
                __Lparam 0000             __psmallconst 1000                  __pcinit 110C  
                __ramtop 1000                  __ptext0 1002                  __ptext1 10EA  
                __ptext2 10C6     end_of_initialization 110C               _set_lights 10C6  
    start_initialization 110C              ?_set_lights 0001              __smallconst 1000  
               __Hrparam 0000                 __Lrparam 0000             ??_set_lights 0002  
               isa$xinst 0000       __end_of_set_lights 10EA         set_lights@rb_val 0001  
       set_lights@rd_val 0003  
