

Microchip MPLAB XC8 Assembler V3.10 build 20250813170317 
                                                                                               Thu Sep 10 19:08:18 2026

Microchip MPLAB XC8 C Compiler v3.10 (Free license) build 20250813170317 Og1 
     1                           	processor	18F46K22
     2                           	fnconf	rparam,??,?,0
     3                           	pagewidth 120
     4                           	opt	flic
     5                           	psect	smallconst,global,reloc=2,class=SMALLCONST,space=0,delta=1,noexec
     6                           	psect	cinit,global,reloc=2,class=CODE,space=0,delta=1
     7                           	psect	bssCOMRAM,global,class=COMRAM,space=1,delta=1,lowdata,noexec
     8                           	psect	cstackCOMRAM,global,class=COMRAM,space=1,delta=1,lowdata,noexec
     9                           	psect	text0,global,reloc=2,class=CODE,space=0,delta=1
    10                           	psect	text1,global,reloc=2,class=CODE,space=0,delta=1,group=2
    11                           	psect	text2,global,reloc=2,class=CODE,space=0,delta=1,group=1
    12                           	psect	text3,global,reloc=2,class=CODE,space=0,delta=1,group=1
    13                           	psect	intsave_regs,global,class=BIGRAM,space=1,delta=1,noexec
    14                           	psect	rparam,global,class=COMRAM,space=1,delta=1,noexec
    15                           	psect	config,global,abs,ovrld,class=CONFIG,space=4,delta=1,noexec
    16   000000                     
    17                           ; Generated 22/04/2026 GMT
    18                           ; 
    19                           ; Copyright (c) 2026 Microchip Technology Inc. and its subsidiaries.
    20                           ; 
    21                           ; Licensed under the Apache License, Version 2.0 (the "License");
    22                           ; you may not use this file except in compliance with the License.
    23                           ; You may obtain a copy of the License at
    24                           ; 
    25                           ;   http://www.apache.org/licenses/LICENSE-2.0
    26                           ; 
    27                           ; Unless required by applicable law or agreed to in writing, software
    28                           ; distributed under the License is distributed on an "AS IS" BASIS,
    29                           ; WITHOUT WARRANTIES OR CONDITIONS OF ANY KIND, either express or implied.
    30                           ; See the License for the specific language governing permissions and
    31                           ; limitations under the License.
    32                           ; 
    33                           ; 
    34                           ; Code-generator required, PIC18F46K22 Definitions
    35                           ; 
    36                           ; SFR Addresses
    37   000FE0                     bsr             equ	4064
    38   000FE9                     fsr0            equ	4073
    39   000FEA                     fsr0h           equ	4074
    40   000FE9                     fsr0l           equ	4073
    41   000FE1                     fsr1            equ	4065
    42   000FE2                     fsr1h           equ	4066
    43   000FE1                     fsr1l           equ	4065
    44   000FD9                     fsr2            equ	4057
    45   000FDA                     fsr2h           equ	4058
    46   000FD9                     fsr2l           equ	4057
    47   000FEF                     indf0           equ	4079
    48   000FE7                     indf1           equ	4071
    49   000FDF                     indf2           equ	4063
    50   000FF2                     intcon          equ	4082
    51   000000                     nvmcon          equ	0
    52   000FF9                     pcl             equ	4089
    53   000FFA                     pclath          equ	4090
    54   000FFB                     pclatu          equ	4091
    55   000FEB                     plusw0          equ	4075
    56   000FE3                     plusw1          equ	4067
    57   000FDB                     plusw2          equ	4059
    58   000FED                     postdec0        equ	4077
    59   000FE5                     postdec1        equ	4069
    60   000FDD                     postdec2        equ	4061
    61   000FEE                     postinc0        equ	4078
    62   000FE6                     postinc1        equ	4070
    63   000FDE                     postinc2        equ	4062
    64   000FEC                     preinc0         equ	4076
    65   000FE4                     preinc1         equ	4068
    66   000FDC                     preinc2         equ	4060
    67   000FF3                     prod            equ	4083
    68   000FF4                     prodh           equ	4084
    69   000FF3                     prodl           equ	4083
    70   000FD8                     status          equ	4056
    71   000FF5                     tablat          equ	4085
    72   000FF6                     tblptr          equ	4086
    73   000FF7                     tblptrh         equ	4087
    74   000FF6                     tblptrl         equ	4086
    75   000FF8                     tblptru         equ	4088
    76   000FFD                     tosl            equ	4093
    77   000FE8                     wreg            equ	4072
    78   000F38                     ANSELA          equ	3896	;# 
    79   000F39                     ANSELB          equ	3897	;# 
    80   000F3A                     ANSELC          equ	3898	;# 
    81   000F3B                     ANSELD          equ	3899	;# 
    82   000F3C                     ANSELE          equ	3900	;# 
    83   000F3D                     PMD2            equ	3901	;# 
    84   000F3E                     PMD1            equ	3902	;# 
    85   000F3F                     PMD0            equ	3903	;# 
    86   000F40                     VREFCON2        equ	3904	;# 
    87   000F40                     DACCON1         equ	3904	;# 
    88   000F41                     VREFCON1        equ	3905	;# 
    89   000F41                     DACCON0         equ	3905	;# 
    90   000F42                     VREFCON0        equ	3906	;# 
    91   000F42                     FVRCON          equ	3906	;# 
    92   000F43                     CTMUICON        equ	3907	;# 
    93   000F43                     CTMUICONH       equ	3907	;# 
    94   000F44                     CTMUCONL        equ	3908	;# 
    95   000F44                     CTMUCON1        equ	3908	;# 
    96   000F45                     CTMUCONH        equ	3909	;# 
    97   000F45                     CTMUCON0        equ	3909	;# 
    98   000F46                     SRCON1          equ	3910	;# 
    99   000F47                     SRCON0          equ	3911	;# 
   100   000F48                     CCPTMRS1        equ	3912	;# 
   101   000F49                     CCPTMRS0        equ	3913	;# 
   102   000F4A                     T6CON           equ	3914	;# 
   103   000F4B                     PR6             equ	3915	;# 
   104   000F4C                     TMR6            equ	3916	;# 
   105   000F4D                     T5GCON          equ	3917	;# 
   106   000F4E                     T5CON           equ	3918	;# 
   107   000F4F                     TMR5            equ	3919	;# 
   108   000F4F                     TMR5L           equ	3919	;# 
   109   000F50                     TMR5H           equ	3920	;# 
   110   000F51                     T4CON           equ	3921	;# 
   111   000F52                     PR4             equ	3922	;# 
   112   000F53                     TMR4            equ	3923	;# 
   113   000F54                     CCP5CON         equ	3924	;# 
   114   000F55                     CCPR5           equ	3925	;# 
   115   000F55                     CCPR5L          equ	3925	;# 
   116   000F56                     CCPR5H          equ	3926	;# 
   117   000F57                     CCP4CON         equ	3927	;# 
   118   000F58                     CCPR4           equ	3928	;# 
   119   000F58                     CCPR4L          equ	3928	;# 
   120   000F59                     CCPR4H          equ	3929	;# 
   121   000F5A                     PSTR3CON        equ	3930	;# 
   122   000F5B                     ECCP3AS         equ	3931	;# 
   123   000F5B                     CCP3AS          equ	3931	;# 
   124   000F5C                     PWM3CON         equ	3932	;# 
   125   000F5D                     CCP3CON         equ	3933	;# 
   126   000F5E                     CCPR3           equ	3934	;# 
   127   000F5E                     CCPR3L          equ	3934	;# 
   128   000F5F                     CCPR3H          equ	3935	;# 
   129   000F60                     SLRCON          equ	3936	;# 
   130   000F61                     WPUB            equ	3937	;# 
   131   000F62                     IOCB            equ	3938	;# 
   132   000F63                     PSTR2CON        equ	3939	;# 
   133   000F64                     ECCP2AS         equ	3940	;# 
   134   000F64                     CCP2AS          equ	3940	;# 
   135   000F65                     PWM2CON         equ	3941	;# 
   136   000F66                     CCP2CON         equ	3942	;# 
   137   000F67                     CCPR2           equ	3943	;# 
   138   000F67                     CCPR2L          equ	3943	;# 
   139   000F68                     CCPR2H          equ	3944	;# 
   140   000F69                     SSP2CON3        equ	3945	;# 
   141   000F6A                     SSP2MSK         equ	3946	;# 
   142   000F6B                     SSP2CON2        equ	3947	;# 
   143   000F6C                     SSP2CON1        equ	3948	;# 
   144   000F6D                     SSP2STAT        equ	3949	;# 
   145   000F6E                     SSP2ADD         equ	3950	;# 
   146   000F6F                     SSP2BUF         equ	3951	;# 
   147   000F70                     BAUDCON2        equ	3952	;# 
   148   000F70                     BAUD2CON        equ	3952	;# 
   149   000F71                     RCSTA2          equ	3953	;# 
   150   000F71                     RC2STA          equ	3953	;# 
   151   000F72                     TXSTA2          equ	3954	;# 
   152   000F72                     TX2STA          equ	3954	;# 
   153   000F73                     TXREG2          equ	3955	;# 
   154   000F73                     TX2REG          equ	3955	;# 
   155   000F74                     RCREG2          equ	3956	;# 
   156   000F74                     RC2REG          equ	3956	;# 
   157   000F75                     SPBRG2          equ	3957	;# 
   158   000F75                     SP2BRG          equ	3957	;# 
   159   000F76                     SPBRGH2         equ	3958	;# 
   160   000F76                     SP2BRGH         equ	3958	;# 
   161   000F77                     CM2CON1         equ	3959	;# 
   162   000F77                     CM12CON         equ	3959	;# 
   163   000F78                     CM2CON0         equ	3960	;# 
   164   000F78                     CM2CON          equ	3960	;# 
   165   000F79                     CM1CON0         equ	3961	;# 
   166   000F79                     CM1CON          equ	3961	;# 
   167   000F7A                     PIE4            equ	3962	;# 
   168   000F7B                     PIR4            equ	3963	;# 
   169   000F7C                     IPR4            equ	3964	;# 
   170   000F7D                     PIE5            equ	3965	;# 
   171   000F7E                     PIR5            equ	3966	;# 
   172   000F7F                     IPR5            equ	3967	;# 
   173   000F80                     PORTA           equ	3968	;# 
   174   000F81                     PORTB           equ	3969	;# 
   175   000F82                     PORTC           equ	3970	;# 
   176   000F83                     PORTD           equ	3971	;# 
   177   000F84                     PORTE           equ	3972	;# 
   178   000F89                     LATA            equ	3977	;# 
   179   000F8A                     LATB            equ	3978	;# 
   180   000F8B                     LATC            equ	3979	;# 
   181   000F8C                     LATD            equ	3980	;# 
   182   000F8D                     LATE            equ	3981	;# 
   183   000F92                     TRISA           equ	3986	;# 
   184   000F92                     DDRA            equ	3986	;# 
   185   000F93                     TRISB           equ	3987	;# 
   186   000F93                     DDRB            equ	3987	;# 
   187   000F94                     TRISC           equ	3988	;# 
   188   000F94                     DDRC            equ	3988	;# 
   189   000F95                     TRISD           equ	3989	;# 
   190   000F95                     DDRD            equ	3989	;# 
   191   000F96                     TRISE           equ	3990	;# 
   192   000F96                     DDRE            equ	3990	;# 
   193   000F9B                     OSCTUNE         equ	3995	;# 
   194   000F9C                     HLVDCON         equ	3996	;# 
   195   000F9C                     LVDCON          equ	3996	;# 
   196   000F9D                     PIE1            equ	3997	;# 
   197   000F9E                     PIR1            equ	3998	;# 
   198   000F9F                     IPR1            equ	3999	;# 
   199   000FA0                     PIE2            equ	4000	;# 
   200   000FA1                     PIR2            equ	4001	;# 
   201   000FA2                     IPR2            equ	4002	;# 
   202   000FA3                     PIE3            equ	4003	;# 
   203   000FA4                     PIR3            equ	4004	;# 
   204   000FA5                     IPR3            equ	4005	;# 
   205   000FA6                     EECON1          equ	4006	;# 
   206   000FA7                     EECON2          equ	4007	;# 
   207   000FA8                     EEDATA          equ	4008	;# 
   208   000FA9                     EEADR           equ	4009	;# 
   209   000FAA                     EEADRH          equ	4010	;# 
   210   000FAB                     RCSTA1          equ	4011	;# 
   211   000FAB                     RCSTA           equ	4011	;# 
   212   000FAB                     RC1STA          equ	4011	;# 
   213   000FAC                     TXSTA1          equ	4012	;# 
   214   000FAC                     TXSTA           equ	4012	;# 
   215   000FAC                     TX1STA          equ	4012	;# 
   216   000FAD                     TXREG1          equ	4013	;# 
   217   000FAD                     TXREG           equ	4013	;# 
   218   000FAD                     TX1REG          equ	4013	;# 
   219   000FAE                     RCREG1          equ	4014	;# 
   220   000FAE                     RCREG           equ	4014	;# 
   221   000FAE                     RC1REG          equ	4014	;# 
   222   000FAF                     SPBRG1          equ	4015	;# 
   223   000FAF                     SPBRG           equ	4015	;# 
   224   000FAF                     SP1BRG          equ	4015	;# 
   225   000FB0                     SPBRGH1         equ	4016	;# 
   226   000FB0                     SPBRGH          equ	4016	;# 
   227   000FB0                     SP1BRGH         equ	4016	;# 
   228   000FB1                     T3CON           equ	4017	;# 
   229   000FB2                     TMR3            equ	4018	;# 
   230   000FB2                     TMR3L           equ	4018	;# 
   231   000FB3                     TMR3H           equ	4019	;# 
   232   000FB4                     T3GCON          equ	4020	;# 
   233   000FB6                     ECCP1AS         equ	4022	;# 
   234   000FB6                     ECCPAS          equ	4022	;# 
   235   000FB7                     PWM1CON         equ	4023	;# 
   236   000FB7                     PWMCON          equ	4023	;# 
   237   000FB8                     BAUDCON1        equ	4024	;# 
   238   000FB8                     BAUDCON         equ	4024	;# 
   239   000FB8                     BAUDCTL         equ	4024	;# 
   240   000FB8                     BAUD1CON        equ	4024	;# 
   241   000FB9                     PSTR1CON        equ	4025	;# 
   242   000FB9                     PSTRCON         equ	4025	;# 
   243   000FBA                     T2CON           equ	4026	;# 
   244   000FBB                     PR2             equ	4027	;# 
   245   000FBC                     TMR2            equ	4028	;# 
   246   000FBD                     CCP1CON         equ	4029	;# 
   247   000FBE                     CCPR1           equ	4030	;# 
   248   000FBE                     CCPR1L          equ	4030	;# 
   249   000FBF                     CCPR1H          equ	4031	;# 
   250   000FC0                     ADCON2          equ	4032	;# 
   251   000FC1                     ADCON1          equ	4033	;# 
   252   000FC2                     ADCON0          equ	4034	;# 
   253   000FC3                     ADRES           equ	4035	;# 
   254   000FC3                     ADRESL          equ	4035	;# 
   255   000FC4                     ADRESH          equ	4036	;# 
   256   000FC5                     SSP1CON2        equ	4037	;# 
   257   000FC5                     SSPCON2         equ	4037	;# 
   258   000FC6                     SSP1CON1        equ	4038	;# 
   259   000FC6                     SSPCON1         equ	4038	;# 
   260   000FC7                     SSP1STAT        equ	4039	;# 
   261   000FC7                     SSPSTAT         equ	4039	;# 
   262   000FC8                     SSP1ADD         equ	4040	;# 
   263   000FC8                     SSPADD          equ	4040	;# 
   264   000FC9                     SSP1BUF         equ	4041	;# 
   265   000FC9                     SSPBUF          equ	4041	;# 
   266   000FCA                     SSP1MSK         equ	4042	;# 
   267   000FCA                     SSPMSK          equ	4042	;# 
   268   000FCB                     SSP1CON3        equ	4043	;# 
   269   000FCB                     SSPCON3         equ	4043	;# 
   270   000FCC                     T1GCON          equ	4044	;# 
   271   000FCD                     T1CON           equ	4045	;# 
   272   000FCE                     TMR1            equ	4046	;# 
   273   000FCE                     TMR1L           equ	4046	;# 
   274   000FCF                     TMR1H           equ	4047	;# 
   275   000FD0                     RCON            equ	4048	;# 
   276   000FD1                     WDTCON          equ	4049	;# 
   277   000FD2                     OSCCON2         equ	4050	;# 
   278   000FD3                     OSCCON          equ	4051	;# 
   279   000FD5                     T0CON           equ	4053	;# 
   280   000FD6                     TMR0            equ	4054	;# 
   281   000FD6                     TMR0L           equ	4054	;# 
   282   000FD7                     TMR0H           equ	4055	;# 
   283   000FD8                     STATUS          equ	4056	;# 
   284   000FD9                     FSR2            equ	4057	;# 
   285   000FD9                     FSR2L           equ	4057	;# 
   286   000FDA                     FSR2H           equ	4058	;# 
   287   000FDB                     PLUSW2          equ	4059	;# 
   288   000FDC                     PREINC2         equ	4060	;# 
   289   000FDD                     POSTDEC2        equ	4061	;# 
   290   000FDE                     POSTINC2        equ	4062	;# 
   291   000FDF                     INDF2           equ	4063	;# 
   292   000FE0                     BSR             equ	4064	;# 
   293   000FE1                     FSR1            equ	4065	;# 
   294   000FE1                     FSR1L           equ	4065	;# 
   295   000FE2                     FSR1H           equ	4066	;# 
   296   000FE3                     PLUSW1          equ	4067	;# 
   297   000FE4                     PREINC1         equ	4068	;# 
   298   000FE5                     POSTDEC1        equ	4069	;# 
   299   000FE6                     POSTINC1        equ	4070	;# 
   300   000FE7                     INDF1           equ	4071	;# 
   301   000FE8                     WREG            equ	4072	;# 
   302   000FE9                     FSR0            equ	4073	;# 
   303   000FE9                     FSR0L           equ	4073	;# 
   304   000FEA                     FSR0H           equ	4074	;# 
   305   000FEB                     PLUSW0          equ	4075	;# 
   306   000FEC                     PREINC0         equ	4076	;# 
   307   000FED                     POSTDEC0        equ	4077	;# 
   308   000FEE                     POSTINC0        equ	4078	;# 
   309   000FEF                     INDF0           equ	4079	;# 
   310   000FF0                     INTCON3         equ	4080	;# 
   311   000FF1                     INTCON2         equ	4081	;# 
   312   000FF2                     INTCON          equ	4082	;# 
   313   000FF3                     PROD            equ	4083	;# 
   314   000FF3                     PRODL           equ	4083	;# 
   315   000FF4                     PRODH           equ	4084	;# 
   316   000FF5                     TABLAT          equ	4085	;# 
   317   000FF6                     TBLPTR          equ	4086	;# 
   318   000FF6                     TBLPTRL         equ	4086	;# 
   319   000FF7                     TBLPTRH         equ	4087	;# 
   320   000FF8                     TBLPTRU         equ	4088	;# 
   321   000FF9                     PCLAT           equ	4089	;# 
   322   000FF9                     PC              equ	4089	;# 
   323   000FF9                     PCL             equ	4089	;# 
   324   000FFA                     PCLATH          equ	4090	;# 
   325   000FFB                     PCLATU          equ	4091	;# 
   326   000FFC                     STKPTR          equ	4092	;# 
   327   000FFD                     TOS             equ	4093	;# 
   328   000FFD                     TOSL            equ	4093	;# 
   329   000FFE                     TOSH            equ	4094	;# 
   330   000FFF                     TOSU            equ	4095	;# 
   331                           
   332                           	psect	smallconst
   333   001000                     __psmallconst:
   334                           	callstack 0
   335   001000  00                 	db	0
   336   001001                     _dice:
   337                           	callstack 0
   338   001001  08                 	db	8
   339   001002  22                 	db	34
   340   001003  2A                 	db	42
   341   001004  55                 	db	85
   342   001005  5D                 	db	93
   343   001006  77                 	db	119
   344   001007  00                 	db	0
   345   001008                     __end_of_dice:
   346                           	callstack 0
   347   000F3B                     _ANSELD         set	3899
   348   000F3A                     _ANSELC         set	3898
   349   000F39                     _ANSELBbits     set	3897
   350   000F81                     _PORTBbits      set	3969
   351   000F8C                     _LATD           set	3980
   352   000F8B                     _LATC           set	3979
   353   000F95                     _TRISD          set	3989
   354   000F94                     _TRISC          set	3988
   355   000F93                     _TRISBbits      set	3987
   356   000F9B                     _OSCTUNE        set	3995
   357   000FD3                     _OSCCON         set	4051
   358   001008  00                 	db	0	; dummy byte at the end
   359   001000                     __smallconst    set	__psmallconst
   360   001000                     __mediumconst   set	__psmallconst
   361   000001                     __activetblptr  equ	1
   362                           
   363                           ; #config settings
   364                           
   365                           	psect	cinit
   366   00122A                     __pcinit:
   367                           	callstack 0
   368   00122A                     start_initialization:
   369                           	callstack 0
   370   00122A                     __initialization:
   371                           	callstack 0
   372                           
   373                           ; Clear objects allocated to COMRAM (4 bytes)
   374   00122A  6A20               	clrf	(__pbssCOMRAM+3)& (0+255),c
   375   00122C  6A1F               	clrf	(__pbssCOMRAM+2)& (0+255),c
   376   00122E  6A1E               	clrf	(__pbssCOMRAM+1)& (0+255),c
   377   001230  6A1D               	clrf	__pbssCOMRAM& (0+255),c
   378   001232                     end_of_initialization:
   379                           	callstack 0
   380   001232                     __end_of__initialization:
   381                           	callstack 0
   382   001232  0E00               	movlw	low (__Lsmallconst shr (0+16))
   383   001234  6EF8               	movwf	tblptru,c
   384   001236  0E10               	movlw	high __Lsmallconst
   385   001238  6EF7               	movwf	tblptrh,c
   386   00123A  0100               	movlb	0
   387   00123C  EF5C  F008         	goto	_main	;jump to C main() function
   388                           
   389                           	psect	bssCOMRAM
   390   00001D                     __pbssCOMRAM:
   391                           	callstack 0
   392   00001D                     _seed:
   393                           	callstack 0
   394   00001D                     	ds	4
   395                           
   396                           	psect	cstackCOMRAM
   397   000001                     __pcstackCOMRAM:
   398                           	callstack 0
   399   000001                     ?___lmul:
   400                           	callstack 0
   401   000001                     ___lmul@multiplier:
   402                           	callstack 0
   403                           
   404                           ; 4 bytes @ 0x0
   405   000001                     	ds	4
   406   000005                     ___lmul@multiplicand:
   407                           	callstack 0
   408                           
   409                           ; 4 bytes @ 0x4
   410   000005                     	ds	4
   411   000009                     ___lmul@product:
   412                           	callstack 0
   413   000009                     
   414                           ; 1 bytes @ 0x8
   415   000009                     	ds	4
   416   00000D                     ?_rand:
   417                           	callstack 0
   418                           
   419                           ; 2 bytes @ 0xC
   420   00000D                     	ds	2
   421   00000F                     ??_rand:
   422                           
   423                           ; 1 bytes @ 0xE
   424   00000F                     	ds	4
   425   000013                     ?___awmod:
   426                           	callstack 0
   427   000013                     ___awmod@dividend:
   428                           	callstack 0
   429                           
   430                           ; 2 bytes @ 0x12
   431   000013                     	ds	2
   432   000015                     ___awmod@divisor:
   433                           	callstack 0
   434                           
   435                           ; 2 bytes @ 0x14
   436   000015                     	ds	2
   437   000017                     ___awmod@counter:
   438                           	callstack 0
   439   000017                     
   440                           ; 1 bytes @ 0x16
   441   000017                     	ds	1
   442   000018                     ___awmod@sign:
   443                           	callstack 0
   444                           
   445                           ; 1 bytes @ 0x17
   446   000018                     	ds	1
   447   000019                     ??_main:
   448                           
   449                           ; 1 bytes @ 0x18
   450   000019                     	ds	2
   451   00001B                     main@d1:
   452                           	callstack 0
   453                           
   454                           ; 1 bytes @ 0x1A
   455   00001B                     	ds	1
   456   00001C                     main@d2:
   457                           	callstack 0
   458                           
   459                           ; 1 bytes @ 0x1B
   460   00001C                     	ds	1
   461                           
   462 ;;
   463 ;;Main: autosize = 0, tempsize = 2, incstack = 0, save=0
   464 ;;
   465 ;; *************** function _main *****************
   466 ;; Defined at:
   467 ;;		line 16 in file "Lab2.c"
   468 ;; Parameters:    Size  Location     Type
   469 ;;		None
   470 ;; Auto vars:     Size  Location     Type
   471 ;;  d2              1   27[COMRAM] unsigned char 
   472 ;;  d1              1   26[COMRAM] unsigned char 
   473 ;; Return value:  Size  Location     Type
   474 ;;                  1    wreg      void 
   475 ;; Registers used:
   476 ;;		wreg, status,2, status,0, tblptrl, tblptrh, tblptru, cstack
   477 ;; Tracked objects:
   478 ;;		On entry : 0/0
   479 ;;		On exit  : 0/0
   480 ;;		Unchanged: 0/0
   481 ;; Data sizes:     COMRAM   BANK0   BANK1   BANK2   BANK3   BANK4   BANK5   BANK6   BANK7   BANK8   BANK9  BANK10  BANK1
      +1  BANK12  BANK13  BANK14  BANK15
   482 ;;      Params:         0       0       0       0       0       0       0       0       0       0       0       0       
      +0       0       0       0       0
   483 ;;      Locals:         2       0       0       0       0       0       0       0       0       0       0       0       
      +0       0       0       0       0
   484 ;;      Temps:          2       0       0       0       0       0       0       0       0       0       0       0       
      +0       0       0       0       0
   485 ;;      Totals:         4       0       0       0       0       0       0       0       0       0       0       0       
      +0       0       0       0       0
   486 ;;Total ram usage:        4 bytes
   487 ;; Hardware stack levels required when called: 2
   488 ;; This function calls:
   489 ;;		___awmod
   490 ;;		_rand
   491 ;; This function is called by:
   492 ;;		Startup code after reset
   493 ;; This function uses a non-reentrant model
   494 ;;
   495                           
   496                           	psect	text0
   497   0010B8                     __ptext0:
   498                           	callstack 0
   499   0010B8                     _main:
   500                           	callstack 29
   501   0010B8                     
   502                           ;Lab2.c: 18:     unsigned char d1;;Lab2.c: 19:     unsigned char d2;;Lab2.c: 21:     OSC
      +                          CON = 0b01110000;
   503   0010B8  0E70               	movlw	112
   504   0010BA  6ED3               	movwf	211,c	;volatile
   505                           
   506                           ;Lab2.c: 22:     OSCTUNE= 0b01000000;
   507   0010BC  0E40               	movlw	64
   508   0010BE  6E9B               	movwf	155,c	;volatile
   509   0010C0                     
   510                           ;Lab2.c: 24:     ANSELBbits.ANSB4 =0;
   511   0010C0  010F               	movlb	15	; () banked
   512   0010C2  9939               	bcf	57,4,b	;volatile
   513   0010C4                     
   514                           ; BSR set to: 15
   515                           ;Lab2.c: 25:     TRISBbits.TRISB4 =1;
   516   0010C4  8893               	bsf	147,4,c	;volatile
   517   0010C6                     
   518                           ; BSR set to: 15
   519                           ;Lab2.c: 27:    ANSELC = 0;
   520   0010C6  6B3A               	clrf	58,b	;volatile
   521   0010C8                     
   522                           ; BSR set to: 15
   523                           ;Lab2.c: 28:    ANSELD = 0;
   524   0010C8  6B3B               	clrf	59,b	;volatile
   525   0010CA                     
   526                           ; BSR set to: 15
   527                           ;Lab2.c: 29:    TRISC = 0;
   528   0010CA  6A94               	clrf	148,c	;volatile
   529   0010CC                     
   530                           ; BSR set to: 15
   531                           ;Lab2.c: 30:    TRISD = 0;
   532   0010CC  6A95               	clrf	149,c	;volatile
   533   0010CE                     
   534                           ; BSR set to: 15
   535                           ;Lab2.c: 32:           LATC = 0;
   536   0010CE  6A8B               	clrf	139,c	;volatile
   537   0010D0                     
   538                           ; BSR set to: 15
   539                           ;Lab2.c: 33:           LATD = 0;
   540   0010D0  6A8C               	clrf	140,c	;volatile
   541   0010D2                     
   542                           ; BSR set to: 15
   543                           ;Lab2.c: 35:      if (PORTBbits.RB4 == 0)
   544   0010D2  B881               	btfsc	129,4,c	;volatile
   545   0010D4  EF6E  F008         	goto	u201
   546   0010D8  EF70  F008         	goto	u200
   547   0010DC                     u201:
   548   0010DC  EFA8  F008         	goto	l34
   549   0010E0                     u200:
   550   0010E0                     
   551                           ; BSR set to: 15
   552                           ;Lab2.c: 36:       {;Lab2.c: 37:           d1 = (rand() % 6);
   553   0010E0  ECAA  F008         	call	_rand	;wreg free
   554   0010E4  C00D  F013         	movff	?_rand,___awmod@dividend
   555   0010E8  C00E  F014         	movff	?_rand+1,___awmod@dividend+1
   556   0010EC  6A16               	clrf	(___awmod@divisor+1)^0,c
   557   0010EE  0E06               	movlw	6
   558   0010F0  6E15               	movwf	___awmod@divisor^0,c
   559   0010F2  EC05  F008         	call	___awmod	;wreg free
   560   0010F6  5013               	movf	?___awmod^0,w,c
   561   0010F8  6E1B               	movwf	main@d1^0,c
   562                           
   563                           ;Lab2.c: 38:           d2 = (rand() % 6);
   564   0010FA  ECAA  F008         	call	_rand	;wreg free
   565   0010FE  C00D  F013         	movff	?_rand,___awmod@dividend
   566   001102  C00E  F014         	movff	?_rand+1,___awmod@dividend+1
   567   001106  6A16               	clrf	(___awmod@divisor+1)^0,c
   568   001108  0E06               	movlw	6
   569   00110A  6E15               	movwf	___awmod@divisor^0,c
   570   00110C  EC05  F008         	call	___awmod	;wreg free
   571   001110  5013               	movf	?___awmod^0,w,c
   572   001112  6E1C               	movwf	main@d2^0,c
   573   001114                     
   574                           ;Lab2.c: 40:           LATC = dice[d1];
   575   001114  501B               	movf	main@d1^0,w,c
   576   001116  0F01               	addlw	low _dice
   577   001118  6E19               	movwf	??_main^0,c
   578   00111A  C019  FFF6         	movff	??_main,tblptrl
   579   00111E                     	if	0	;There is only one active tblptr byte
   580   00111E                     	endif
   581   00111E                     	if	0	;tblptru may be non-zero
   582   00111E                     	endif
   583   00111E                     	if	0	;tblptru may be non-zero
   584   00111E                     	endif
   585   00111E  0008               	tblrd		*
   586   001120  CFF5 FF8B          	movff	tablat,3979	;volatile
   587   001124                     
   588                           ;Lab2.c: 41:           LATD = dice[d2];
   589   001124  501C               	movf	main@d2^0,w,c
   590   001126  0F01               	addlw	low _dice
   591   001128  6E19               	movwf	??_main^0,c
   592   00112A  C019  FFF6         	movff	??_main,tblptrl
   593   00112E                     	if	0	;There is only one active tblptr byte
   594   00112E                     	endif
   595   00112E                     	if	0	;tblptru may be non-zero
   596   00112E                     	endif
   597   00112E                     	if	0	;tblptru may be non-zero
   598   00112E                     	endif
   599   00112E  0008               	tblrd		*
   600   001130  CFF5 FF8C          	movff	tablat,3980	;volatile
   601   001134                     
   602                           ;Lab2.c: 43:           _delay((unsigned long)((3000)*(64000000/4000.0)));
   603   001134  0EF4               	movlw	244
   604   001136  6E1A               	movwf	(??_main+1)^0,c
   605   001138  0E82               	movlw	130
   606   00113A  6E19               	movwf	??_main^0,c
   607   00113C  0E05               	movlw	5
   608   00113E                     u217:
   609   00113E  2EE8               	decfsz	wreg,f,c
   610   001140  D7FE               	bra	u217
   611   001142  2E19               	decfsz	??_main^0,f,c
   612   001144  D7FC               	bra	u217
   613   001146  2E1A               	decfsz	(??_main+1)^0,f,c
   614   001148  D7FA               	bra	u217
   615   00114A  0000               	nop	
   616   00114C                     
   617                           ;Lab2.c: 45:           LATC = 0;
   618   00114C  6A8B               	clrf	139,c	;volatile
   619   00114E                     
   620                           ;Lab2.c: 46:           LATD = 0;
   621   00114E  6A8C               	clrf	140,c	;volatile
   622   001150                     l34:
   623   001150  EFFE  F07F         	goto	start
   624   001154                     __end_of_main:
   625                           	callstack 0
   626                           
   627 ;; *************** function _rand *****************
   628 ;; Defined at:
   629 ;;		line 11 in file "C:\Program Files\Microchip\xc8\v3.10\pic\sources\c99\common\rand.c"
   630 ;; Parameters:    Size  Location     Type
   631 ;;		None
   632 ;; Auto vars:     Size  Location     Type
   633 ;;		None
   634 ;; Return value:  Size  Location     Type
   635 ;;                  2   12[COMRAM] int 
   636 ;; Registers used:
   637 ;;		wreg, status,2, status,0, cstack
   638 ;; Tracked objects:
   639 ;;		On entry : 0/0
   640 ;;		On exit  : 0/0
   641 ;;		Unchanged: 0/0
   642 ;; Data sizes:     COMRAM   BANK0   BANK1   BANK2   BANK3   BANK4   BANK5   BANK6   BANK7   BANK8   BANK9  BANK10  BANK1
      +1  BANK12  BANK13  BANK14  BANK15
   643 ;;      Params:         2       0       0       0       0       0       0       0       0       0       0       0       
      +0       0       0       0       0
   644 ;;      Locals:         0       0       0       0       0       0       0       0       0       0       0       0       
      +0       0       0       0       0
   645 ;;      Temps:          4       0       0       0       0       0       0       0       0       0       0       0       
      +0       0       0       0       0
   646 ;;      Totals:         6       0       0       0       0       0       0       0       0       0       0       0       
      +0       0       0       0       0
   647 ;;Total ram usage:        6 bytes
   648 ;; Hardware stack levels used: 1
   649 ;; Hardware stack levels required when called: 1
   650 ;; This function calls:
   651 ;;		___lmul
   652 ;; This function is called by:
   653 ;;		_main
   654 ;; This function uses a non-reentrant model
   655 ;;
   656                           
   657                           	psect	text1
   658   001154                     __ptext1:
   659                           	callstack 0
   660   001154                     _rand:
   661                           	callstack 29
   662   001154  C01D  F001         	movff	_seed,___lmul@multiplier
   663   001158  C01E  F002         	movff	_seed+1,___lmul@multiplier+1
   664   00115C  C01F  F003         	movff	_seed+2,___lmul@multiplier+2
   665   001160  C020  F004         	movff	_seed+3,___lmul@multiplier+3
   666   001164  0E2D               	movlw	45
   667   001166  6E05               	movwf	___lmul@multiplicand^0,c
   668   001168  0E7F               	movlw	127
   669   00116A  6E06               	movwf	(___lmul@multiplicand+1)^0,c
   670   00116C  0E95               	movlw	149
   671   00116E  6E07               	movwf	(___lmul@multiplicand+2)^0,c
   672   001170  0E4C               	movlw	76
   673   001172  6E08               	movwf	(___lmul@multiplicand+3)^0,c
   674   001174  ECE0  F008         	call	___lmul	;wreg free
   675   001178  0E01               	movlw	1
   676   00117A  2401               	addwf	?___lmul^0,w,c
   677   00117C  6E1D               	movwf	_seed^0,c
   678   00117E  0E00               	movlw	0
   679   001180  2002               	addwfc	(?___lmul+1)^0,w,c
   680   001182  6E1E               	movwf	(_seed+1)^0,c
   681   001184  0E00               	movlw	0
   682   001186  2003               	addwfc	(?___lmul+2)^0,w,c
   683   001188  6E1F               	movwf	(_seed+2)^0,c
   684   00118A  0E00               	movlw	0
   685   00118C  2004               	addwfc	(?___lmul+3)^0,w,c
   686   00118E  6E20               	movwf	(_seed+3)^0,c
   687   001190  C01D  F00F         	movff	_seed,??_rand
   688   001194  C01E  F010         	movff	_seed+1,??_rand+1
   689   001198  C01F  F011         	movff	_seed+2,??_rand+2
   690   00119C  C020  F012         	movff	_seed+3,??_rand+3
   691   0011A0  0E12               	movlw	18
   692   0011A2  EFD8  F008         	goto	u130
   693   0011A6                     u135:
   694   0011A6  90D8               	bcf	status,0,c
   695   0011A8  3212               	rrcf	(??_rand+3)^0,f,c
   696   0011AA  3211               	rrcf	(??_rand+2)^0,f,c
   697   0011AC  3210               	rrcf	(??_rand+1)^0,f,c
   698   0011AE  320F               	rrcf	??_rand^0,f,c
   699   0011B0                     u130:
   700   0011B0  2EE8               	decfsz	wreg,f,c
   701   0011B2  EFD3  F008         	goto	u135
   702   0011B6  C00F  F00D         	movff	??_rand,?_rand
   703   0011BA  C010  F00E         	movff	??_rand+1,?_rand+1
   704   0011BE  0012               	return		;funcret
   705   0011C0                     __end_of_rand:
   706                           	callstack 0
   707                           
   708 ;; *************** function ___lmul *****************
   709 ;; Defined at:
   710 ;;		line 15 in file "C:\Program Files\Microchip\xc8\v3.10\pic\sources\c99\common\Umul32.c"
   711 ;; Parameters:    Size  Location     Type
   712 ;;  multiplier      4    0[COMRAM] unsigned long 
   713 ;;  multiplicand    4    4[COMRAM] unsigned long 
   714 ;; Auto vars:     Size  Location     Type
   715 ;;  product         4    8[COMRAM] unsigned long 
   716 ;; Return value:  Size  Location     Type
   717 ;;                  4    0[COMRAM] unsigned long 
   718 ;; Registers used:
   719 ;;		wreg, status,2, status,0
   720 ;; Tracked objects:
   721 ;;		On entry : 0/0
   722 ;;		On exit  : 0/0
   723 ;;		Unchanged: 0/0
   724 ;; Data sizes:     COMRAM   BANK0   BANK1   BANK2   BANK3   BANK4   BANK5   BANK6   BANK7   BANK8   BANK9  BANK10  BANK1
      +1  BANK12  BANK13  BANK14  BANK15
   725 ;;      Params:         8       0       0       0       0       0       0       0       0       0       0       0       
      +0       0       0       0       0
   726 ;;      Locals:         4       0       0       0       0       0       0       0       0       0       0       0       
      +0       0       0       0       0
   727 ;;      Temps:          0       0       0       0       0       0       0       0       0       0       0       0       
      +0       0       0       0       0
   728 ;;      Totals:        12       0       0       0       0       0       0       0       0       0       0       0       
      +0       0       0       0       0
   729 ;;Total ram usage:       12 bytes
   730 ;; Hardware stack levels used: 1
   731 ;; This function calls:
   732 ;;		Nothing
   733 ;; This function is called by:
   734 ;;		_rand
   735 ;; This function uses a non-reentrant model
   736 ;;
   737                           
   738                           	psect	text2
   739   0011C0                     __ptext2:
   740                           	callstack 0
   741   0011C0                     ___lmul:
   742                           	callstack 29
   743   0011C0  0E00               	movlw	0
   744   0011C2  6E09               	movwf	___lmul@product^0,c
   745   0011C4  0E00               	movlw	0
   746   0011C6  6E0A               	movwf	(___lmul@product+1)^0,c
   747   0011C8  0E00               	movlw	0
   748   0011CA  6E0B               	movwf	(___lmul@product+2)^0,c
   749   0011CC  0E00               	movlw	0
   750   0011CE  6E0C               	movwf	(___lmul@product+3)^0,c
   751   0011D0                     l914:
   752   0011D0  A001               	btfss	___lmul@multiplier^0,0,c
   753   0011D2  EFED  F008         	goto	u111
   754   0011D6  EFEF  F008         	goto	u110
   755   0011DA                     u111:
   756   0011DA  EFF7  F008         	goto	l918
   757   0011DE                     u110:
   758   0011DE  5005               	movf	___lmul@multiplicand^0,w,c
   759   0011E0  2609               	addwf	___lmul@product^0,f,c
   760   0011E2  5006               	movf	(___lmul@multiplicand+1)^0,w,c
   761   0011E4  220A               	addwfc	(___lmul@product+1)^0,f,c
   762   0011E6  5007               	movf	(___lmul@multiplicand+2)^0,w,c
   763   0011E8  220B               	addwfc	(___lmul@product+2)^0,f,c
   764   0011EA  5008               	movf	(___lmul@multiplicand+3)^0,w,c
   765   0011EC  220C               	addwfc	(___lmul@product+3)^0,f,c
   766   0011EE                     l918:
   767   0011EE  90D8               	bcf	status,0,c
   768   0011F0  3605               	rlcf	___lmul@multiplicand^0,f,c
   769   0011F2  3606               	rlcf	(___lmul@multiplicand+1)^0,f,c
   770   0011F4  3607               	rlcf	(___lmul@multiplicand+2)^0,f,c
   771   0011F6  3608               	rlcf	(___lmul@multiplicand+3)^0,f,c
   772   0011F8  90D8               	bcf	status,0,c
   773   0011FA  3204               	rrcf	(___lmul@multiplier+3)^0,f,c
   774   0011FC  3203               	rrcf	(___lmul@multiplier+2)^0,f,c
   775   0011FE  3202               	rrcf	(___lmul@multiplier+1)^0,f,c
   776   001200  3201               	rrcf	___lmul@multiplier^0,f,c
   777   001202  5001               	movf	___lmul@multiplier^0,w,c
   778   001204  1002               	iorwf	(___lmul@multiplier+1)^0,w,c
   779   001206  1003               	iorwf	(___lmul@multiplier+2)^0,w,c
   780   001208  1004               	iorwf	(___lmul@multiplier+3)^0,w,c
   781   00120A  A4D8               	btfss	status,2,c
   782   00120C  EF0A  F009         	goto	u121
   783   001210  EF0C  F009         	goto	u120
   784   001214                     u121:
   785   001214  EFE8  F008         	goto	l914
   786   001218                     u120:
   787   001218  C009  F001         	movff	___lmul@product,?___lmul
   788   00121C  C00A  F002         	movff	___lmul@product+1,?___lmul+1
   789   001220  C00B  F003         	movff	___lmul@product+2,?___lmul+2
   790   001224  C00C  F004         	movff	___lmul@product+3,?___lmul+3
   791   001228  0012               	return		;funcret
   792   00122A                     __end_of___lmul:
   793                           	callstack 0
   794                           
   795 ;; *************** function ___awmod *****************
   796 ;; Defined at:
   797 ;;		line 7 in file "C:\Program Files\Microchip\xc8\v3.10\pic\sources\c99\common\awmod.c"
   798 ;; Parameters:    Size  Location     Type
   799 ;;  dividend        2   18[COMRAM] int 
   800 ;;  divisor         2   20[COMRAM] int 
   801 ;; Auto vars:     Size  Location     Type
   802 ;;  sign            1   23[COMRAM] unsigned char 
   803 ;;  counter         1   22[COMRAM] unsigned char 
   804 ;; Return value:  Size  Location     Type
   805 ;;                  2   18[COMRAM] int 
   806 ;; Registers used:
   807 ;;		wreg, status,2, status,0
   808 ;; Tracked objects:
   809 ;;		On entry : 0/0
   810 ;;		On exit  : 0/0
   811 ;;		Unchanged: 0/0
   812 ;; Data sizes:     COMRAM   BANK0   BANK1   BANK2   BANK3   BANK4   BANK5   BANK6   BANK7   BANK8   BANK9  BANK10  BANK1
      +1  BANK12  BANK13  BANK14  BANK15
   813 ;;      Params:         4       0       0       0       0       0       0       0       0       0       0       0       
      +0       0       0       0       0
   814 ;;      Locals:         2       0       0       0       0       0       0       0       0       0       0       0       
      +0       0       0       0       0
   815 ;;      Temps:          0       0       0       0       0       0       0       0       0       0       0       0       
      +0       0       0       0       0
   816 ;;      Totals:         6       0       0       0       0       0       0       0       0       0       0       0       
      +0       0       0       0       0
   817 ;;Total ram usage:        6 bytes
   818 ;; Hardware stack levels used: 1
   819 ;; This function calls:
   820 ;;		Nothing
   821 ;; This function is called by:
   822 ;;		_main
   823 ;; This function uses a non-reentrant model
   824 ;;
   825                           
   826                           	psect	text3
   827   00100A                     __ptext3:
   828                           	callstack 0
   829   00100A                     ___awmod:
   830                           	callstack 30
   831   00100A  6A18               	clrf	___awmod@sign^0,c
   832   00100C  BE14               	btfsc	(___awmod@dividend+1)^0,7,c
   833   00100E  EF0D  F008         	goto	u140
   834   001012  EF0B  F008         	goto	u141
   835   001016                     u141:
   836   001016  EF13  F008         	goto	l936
   837   00101A                     u140:
   838   00101A  6C13               	negf	___awmod@dividend^0,c
   839   00101C  1E14               	comf	(___awmod@dividend+1)^0,f,c
   840   00101E  B0D8               	btfsc	status,0,c
   841   001020  2A14               	incf	(___awmod@dividend+1)^0,f,c
   842   001022  0E01               	movlw	1
   843   001024  6E18               	movwf	___awmod@sign^0,c
   844   001026                     l936:
   845   001026  BE16               	btfsc	(___awmod@divisor+1)^0,7,c
   846   001028  EF1A  F008         	goto	u150
   847   00102C  EF18  F008         	goto	u151
   848   001030                     u151:
   849   001030  EF1E  F008         	goto	l940
   850   001034                     u150:
   851   001034  6C15               	negf	___awmod@divisor^0,c
   852   001036  1E16               	comf	(___awmod@divisor+1)^0,f,c
   853   001038  B0D8               	btfsc	status,0,c
   854   00103A  2A16               	incf	(___awmod@divisor+1)^0,f,c
   855   00103C                     l940:
   856   00103C  5015               	movf	___awmod@divisor^0,w,c
   857   00103E  1016               	iorwf	(___awmod@divisor+1)^0,w,c
   858   001040  B4D8               	btfsc	status,2,c
   859   001042  EF25  F008         	goto	u161
   860   001046  EF27  F008         	goto	u160
   861   00104A                     u161:
   862   00104A  EF4B  F008         	goto	l956
   863   00104E                     u160:
   864   00104E  0E01               	movlw	1
   865   001050  6E17               	movwf	___awmod@counter^0,c
   866   001052  EF2F  F008         	goto	l946
   867   001056                     l944:
   868   001056  90D8               	bcf	status,0,c
   869   001058  3615               	rlcf	___awmod@divisor^0,f,c
   870   00105A  3616               	rlcf	(___awmod@divisor+1)^0,f,c
   871   00105C  2A17               	incf	___awmod@counter^0,f,c
   872   00105E                     l946:
   873   00105E  AE16               	btfss	(___awmod@divisor+1)^0,7,c
   874   001060  EF34  F008         	goto	u171
   875   001064  EF36  F008         	goto	u170
   876   001068                     u171:
   877   001068  EF2B  F008         	goto	l944
   878   00106C                     u170:
   879   00106C                     l948:
   880   00106C  5015               	movf	___awmod@divisor^0,w,c
   881   00106E  5C13               	subwf	___awmod@dividend^0,w,c
   882   001070  5016               	movf	(___awmod@divisor+1)^0,w,c
   883   001072  5814               	subwfb	(___awmod@dividend+1)^0,w,c
   884   001074  A0D8               	btfss	status,0,c
   885   001076  EF3F  F008         	goto	u181
   886   00107A  EF41  F008         	goto	u180
   887   00107E                     u181:
   888   00107E  EF45  F008         	goto	l952
   889   001082                     u180:
   890   001082  5015               	movf	___awmod@divisor^0,w,c
   891   001084  5E13               	subwf	___awmod@dividend^0,f,c
   892   001086  5016               	movf	(___awmod@divisor+1)^0,w,c
   893   001088  5A14               	subwfb	(___awmod@dividend+1)^0,f,c
   894   00108A                     l952:
   895   00108A  90D8               	bcf	status,0,c
   896   00108C  3216               	rrcf	(___awmod@divisor+1)^0,f,c
   897   00108E  3215               	rrcf	___awmod@divisor^0,f,c
   898   001090  2E17               	decfsz	___awmod@counter^0,f,c
   899   001092  EF36  F008         	goto	l948
   900   001096                     l956:
   901   001096  5018               	movf	___awmod@sign^0,w,c
   902   001098  B4D8               	btfsc	status,2,c
   903   00109A  EF51  F008         	goto	u191
   904   00109E  EF53  F008         	goto	u190
   905   0010A2                     u191:
   906   0010A2  EF57  F008         	goto	l960
   907   0010A6                     u190:
   908   0010A6  6C13               	negf	___awmod@dividend^0,c
   909   0010A8  1E14               	comf	(___awmod@dividend+1)^0,f,c
   910   0010AA  B0D8               	btfsc	status,0,c
   911   0010AC  2A14               	incf	(___awmod@dividend+1)^0,f,c
   912   0010AE                     l960:
   913   0010AE  C013  F013         	movff	___awmod@dividend,?___awmod
   914   0010B2  C014  F014         	movff	___awmod@dividend+1,?___awmod+1
   915   0010B6  0012               	return		;funcret
   916   0010B8                     __end_of___awmod:
   917                           	callstack 0
   918                           
   919                           	psect	rparam
   920   000001                     ___rparam_used  equ	1
   921   000000                     ___param_bank   equ	0
   922   000000                     __Lparam        equ	__Lrparam
   923   000000                     __Hparam        equ	__Hrparam
   924                           
   925                           	psect	config
   926                           
   927                           ; Padding undefined space
   928   300000                     	org	3145728
   929   300000  FF                 	db	255
   930                           
   931                           ;Config register CONFIG1H @ 0x300001
   932                           ;	Oscillator Selection bits
   933                           ;	FOSC = INTIO67, Internal oscillator block
   934                           ;	4X PLL Enable
   935                           ;	PLLCFG = ON, Oscillator multiplied by 4
   936                           ;	Primary clock enable bit
   937                           ;	PRICLKEN = ON, Primary clock is always enabled
   938                           ;	Fail-Safe Clock Monitor Enable bit
   939                           ;	FCMEN = OFF, Fail-Safe Clock Monitor disabled
   940                           ;	Internal/External Oscillator Switchover bit
   941                           ;	IESO = OFF, Oscillator Switchover mode disabled
   942   300001                     	org	3145729
   943   300001  38                 	db	56
   944                           
   945                           ;Config register CONFIG2L @ 0x300002
   946                           ;	Power-up Timer Enable bit
   947                           ;	PWRTEN = ON, Power up timer enabled
   948                           ;	Brown-out Reset Enable bits
   949                           ;	BOREN = SBORDIS, Brown-out Reset enabled in hardware only (SBOREN is disabled)
   950                           ;	Brown Out Reset Voltage bits
   951                           ;	BORV = 250, VBOR set to 2.50 V nominal
   952   300002                     	org	3145730
   953   300002  0E                 	db	14
   954                           
   955                           ;Config register CONFIG2H @ 0x300003
   956                           ;	Watchdog Timer Enable bits
   957                           ;	WDTEN = OFF, Watch dog timer is always disabled. SWDTEN has no effect.
   958                           ;	Watchdog Timer Postscale Select bits
   959                           ;	WDTPS = 32768, 1:32768
   960   300003                     	org	3145731
   961   300003  3C                 	db	60
   962                           
   963                           ; Padding undefined space
   964   300004                     	org	3145732
   965   300004  FF                 	db	255
   966                           
   967                           ;Config register CONFIG3H @ 0x300005
   968                           ;	CCP2 MUX bit
   969                           ;	CCP2MX = PORTC1, CCP2 input/output is multiplexed with RC1
   970                           ;	PORTB A/D Enable bit
   971                           ;	PBADEN = ON, PORTB<5:0> pins are configured as analog input channels on Reset
   972                           ;	P3A/CCP3 Mux bit
   973                           ;	CCP3MX = PORTB5, P3A/CCP3 input/output is multiplexed with RB5
   974                           ;	HFINTOSC Fast Start-up
   975                           ;	HFOFST = ON, HFINTOSC output and ready status are not delayed by the oscillator stable
      +                           status
   976                           ;	Timer3 Clock input mux bit
   977                           ;	T3CMX = PORTC0, T3CKI is on RC0
   978                           ;	ECCP2 B output mux bit
   979                           ;	P2BMX = PORTD2, P2B is on RD2
   980                           ;	MCLR Pin Enable bit
   981                           ;	MCLRE = EXTMCLR, MCLR pin enabled, RE3 input pin disabled
   982   300005                     	org	3145733
   983   300005  BF                 	db	191
   984                           
   985                           ;Config register CONFIG4L @ 0x300006
   986                           ;	Stack Full/Underflow Reset Enable bit
   987                           ;	STVREN = ON, Stack full/underflow will cause Reset
   988                           ;	Single-Supply ICSP Enable bit
   989                           ;	LVP = ON, Single-Supply ICSP enabled if MCLRE is also 1
   990                           ;	Extended Instruction Set Enable bit
   991                           ;	XINST = OFF, Instruction set extension and Indexed Addressing mode disabled (Legacy mo
      +                          de)
   992                           ;	Background Debug
   993                           ;	DEBUG = 0x1, unprogrammed default
   994   300006                     	org	3145734
   995   300006  85                 	db	133
   996                           
   997                           ; Padding undefined space
   998   300007                     	org	3145735
   999   300007  FF                 	db	255
  1000                           
  1001                           ;Config register CONFIG5L @ 0x300008
  1002                           ;	Code Protection Block 0
  1003                           ;	CP0 = OFF, Block 0 (000800-003FFFh) not code-protected
  1004                           ;	Code Protection Block 1
  1005                           ;	CP1 = OFF, Block 1 (004000-007FFFh) not code-protected
  1006                           ;	Code Protection Block 2
  1007                           ;	CP2 = OFF, Block 2 (008000-00BFFFh) not code-protected
  1008                           ;	Code Protection Block 3
  1009                           ;	CP3 = OFF, Block 3 (00C000-00FFFFh) not code-protected
  1010   300008                     	org	3145736
  1011   300008  0F                 	db	15
  1012                           
  1013                           ;Config register CONFIG5H @ 0x300009
  1014                           ;	Boot Block Code Protection bit
  1015                           ;	CPB = OFF, Boot block (000000-0007FFh) not code-protected
  1016                           ;	Data EEPROM Code Protection bit
  1017                           ;	CPD = OFF, Data EEPROM not code-protected
  1018   300009                     	org	3145737
  1019   300009  C0                 	db	192
  1020                           
  1021                           ;Config register CONFIG6L @ 0x30000A
  1022                           ;	Write Protection Block 0
  1023                           ;	WRT0 = OFF, Block 0 (000800-003FFFh) not write-protected
  1024                           ;	Write Protection Block 1
  1025                           ;	WRT1 = OFF, Block 1 (004000-007FFFh) not write-protected
  1026                           ;	Write Protection Block 2
  1027                           ;	WRT2 = OFF, Block 2 (008000-00BFFFh) not write-protected
  1028                           ;	Write Protection Block 3
  1029                           ;	WRT3 = OFF, Block 3 (00C000-00FFFFh) not write-protected
  1030   30000A                     	org	3145738
  1031   30000A  0F                 	db	15
  1032                           
  1033                           ;Config register CONFIG6H @ 0x30000B
  1034                           ;	Configuration Register Write Protection bit
  1035                           ;	WRTC = OFF, Configuration registers (300000-3000FFh) not write-protected
  1036                           ;	Boot Block Write Protection bit
  1037                           ;	WRTB = OFF, Boot Block (000000-0007FFh) not write-protected
  1038                           ;	Data EEPROM Write Protection bit
  1039                           ;	WRTD = OFF, Data EEPROM not write-protected
  1040   30000B                     	org	3145739
  1041   30000B  E0                 	db	224
  1042                           
  1043                           ;Config register CONFIG7L @ 0x30000C
  1044                           ;	Table Read Protection Block 0
  1045                           ;	EBTR0 = OFF, Block 0 (000800-003FFFh) not protected from table reads executed in other
      +                           blocks
  1046                           ;	Table Read Protection Block 1
  1047                           ;	EBTR1 = OFF, Block 1 (004000-007FFFh) not protected from table reads executed in other
      +                           blocks
  1048                           ;	Table Read Protection Block 2
  1049                           ;	EBTR2 = OFF, Block 2 (008000-00BFFFh) not protected from table reads executed in other
      +                           blocks
  1050                           ;	Table Read Protection Block 3
  1051                           ;	EBTR3 = OFF, Block 3 (00C000-00FFFFh) not protected from table reads executed in other
      +                           blocks
  1052   30000C                     	org	3145740
  1053   30000C  0F                 	db	15
  1054                           
  1055                           ;Config register CONFIG7H @ 0x30000D
  1056                           ;	Boot Block Table Read Protection bit
  1057                           ;	EBTRB = OFF, Boot Block (000000-0007FFh) not protected from table reads executed in ot
      +                          her blocks
  1058   30000D                     	org	3145741
  1059   30000D  40                 	db	64
  1060                           tosu	equ	0xFFF
  1061                           tosh	equ	0xFFE
  1062                           tosl	equ	0xFFD
  1063                           stkptr	equ	0xFFC
  1064                           pclatu	equ	0xFFB
  1065                           pclath	equ	0xFFA
  1066                           pcl	equ	0xFF9
  1067                           tblptru	equ	0xFF8
  1068                           tblptrh	equ	0xFF7
  1069                           tblptrl	equ	0xFF6
  1070                           tablat	equ	0xFF5
  1071                           prodh	equ	0xFF4
  1072                           prodl	equ	0xFF3
  1073                           indf0	equ	0xFEF
  1074                           postinc0	equ	0xFEE
  1075                           postdec0	equ	0xFED
  1076                           preinc0	equ	0xFEC
  1077                           plusw0	equ	0xFEB
  1078                           fsr0h	equ	0xFEA
  1079                           fsr0l	equ	0xFE9
  1080                           wreg	equ	0xFE8
  1081                           indf1	equ	0xFE7
  1082                           postinc1	equ	0xFE6
  1083                           postdec1	equ	0xFE5
  1084                           preinc1	equ	0xFE4
  1085                           plusw1	equ	0xFE3
  1086                           fsr1h	equ	0xFE2
  1087                           fsr1l	equ	0xFE1
  1088                           bsr	equ	0xFE0
  1089                           indf2	equ	0xFDF
  1090                           postinc2	equ	0xFDE
  1091                           postdec2	equ	0xFDD
  1092                           preinc2	equ	0xFDC
  1093                           plusw2	equ	0xFDB
  1094                           fsr2h	equ	0xFDA
  1095                           fsr2l	equ	0xFD9
  1096                           status	equ	0xFD8

Data Sizes:
    Strings     0
    Constant    7
    Data        0
    BSS         4
    Persistent  0
    Stack       0

Auto Spaces:
    Space          Size  Autos    Used
    COMRAM           95     28      32
    BANK0           160      0       0
    BANK1           256      0       0
    BANK2           256      0       0
    BANK3           256      0       0
    BANK4           256      0       0
    BANK5           256      0       0
    BANK6           256      0       0
    BANK7           256      0       0
    BANK8           256      0       0
    BANK9           256      0       0
    BANK10          256      0       0
    BANK11          256      0       0
    BANK12          256      0       0
    BANK13          256      0       0
    BANK14          256      0       0
    BANK15           56      0       0

Pointer List with Targets:

    None.

Critical Paths under _main in COMRAM

    _main->___awmod
    _rand->___lmul
    ___awmod->_rand

Critical Paths under _main in BANK0

    None.

Critical Paths under _main in BANK1

    None.

Critical Paths under _main in BANK2

    None.

Critical Paths under _main in BANK3

    None.

Critical Paths under _main in BANK4

    None.

Critical Paths under _main in BANK5

    None.

Critical Paths under _main in BANK6

    None.

Critical Paths under _main in BANK7

    None.

Critical Paths under _main in BANK8

    None.

Critical Paths under _main in BANK9

    None.

Critical Paths under _main in BANK10

    None.

Critical Paths under _main in BANK11

    None.

Critical Paths under _main in BANK12

    None.

Critical Paths under _main in BANK13

    None.

Critical Paths under _main in BANK14

    None.

Critical Paths under _main in BANK15

    None.

Call Graph Tables:

 ---------------------------------------------------------------------------------
 (Depth) Function   	        Calls       Base Space   Used Autos Params    Refs
 ---------------------------------------------------------------------------------
 (0) _main                                                 4     4      0     440
                                             24 COMRAM     4     4      0
                            ___awmod
                               _rand
 ---------------------------------------------------------------------------------
 (1) _rand                                                 6     4      2      94
                                             12 COMRAM     6     4      2
                             ___lmul
 ---------------------------------------------------------------------------------
 (2) ___lmul                                              12     4      8      94
                                              0 COMRAM    12     4      8
 ---------------------------------------------------------------------------------
 (1) ___awmod                                              6     2      4     300
                                             18 COMRAM     6     2      4
                               _rand (ARG)
 ---------------------------------------------------------------------------------
 Estimated maximum stack depth 2
 ---------------------------------------------------------------------------------

 Call Graph Graphs:

 _main (ROOT)
   ___awmod
     _rand (ARG)
       ___lmul
   _rand

Address spaces:
Name               Size   Autos  Total    Usage
BIGRAM            3895      0       0      0.0%
BITBANK14          256      0       0      0.0%
BANK14             256      0       0      0.0%
BITBANK13          256      0       0      0.0%
BANK13             256      0       0      0.0%
BITBANK12          256      0       0      0.0%
BANK12             256      0       0      0.0%
BITBANK11          256      0       0      0.0%
BANK11             256      0       0      0.0%
BITBANK10          256      0       0      0.0%
BANK10             256      0       0      0.0%
BITBANK9           256      0       0      0.0%
BANK9              256      0       0      0.0%
BITBANK8           256      0       0      0.0%
BANK8              256      0       0      0.0%
BITBANK7           256      0       0      0.0%
BANK7              256      0       0      0.0%
BITBANK6           256      0       0      0.0%
BANK6              256      0       0      0.0%
BITBANK5           256      0       0      0.0%
BANK5              256      0       0      0.0%
BITBANK4           256      0       0      0.0%
BANK4              256      0       0      0.0%
BITBANK3           256      0       0      0.0%
BANK3              256      0       0      0.0%
BITBANK2           256      0       0      0.0%
BANK2              256      0       0      0.0%
BITBANK1           256      0       0      0.0%
BANK1              256      0       0      0.0%
BITBANK0           160      0       0      0.0%
BANK0              160      0       0      0.0%
BITBIGSFRh         126      0       0      0.0%
BITCOMRAM           95      0       0      0.0%
COMRAM              95     28      32     33.7%
BITBIGSFRlh         70      0       0      0.0%
BITBANK15           56      0       0      0.0%
BANK15              56      0       0      0.0%
BITBIGSFRll          1      0       0      0.0%
STACK                0      0       0      0.0%
DATA                 0      0      32      0.0%


Microchip Technology PIC18 Macro Assembler V3.10 build 20250813170317 
Symbol Table                                                                                   Thu Sep 10 19:08:18 2026

                     l34 1150                       l48 1218                       l49 1228  
                    l391 10B6                      l920 11F8                      l912 11C0  
                    l930 100C                      l914 11D0                      l826 11BE  
                    l922 1154                      l940 103C                      l932 101A  
                    l916 11DE                      l924 1190                      l950 1082  
                    l942 104E                      l934 1022                      l918 11EE  
                    l960 10AE                      l952 108A                      l944 1056  
                    l936 1026                      l928 100A                      l954 1090  
                    l946 105E                      l938 1034                      l970 10C6  
                    l948 106C                      l956 1096                      l980 10D0  
                    l972 10C8                      l964 10B8                      l958 10A6  
                    l990 1134                      l982 10D2                      l974 10CA  
                    l966 10C0                      l992 114C                      l984 10E0  
                    l976 10CC                      l968 10C4                      l994 114E  
                    l986 1114                      l978 10CE                      l988 1124  
                    u110 11DE                      u111 11DA                      u120 1218  
                    u200 10E0                      u121 1214                      u201 10DC  
                    u130 11B0                      u140 101A                      u141 1016  
                    u150 1034                      u151 1030                      u135 11A6  
                    u160 104E                      u161 104A                      u217 113E  
                    u170 106C                      u171 1068                      u180 1082  
                    u181 107E                      u190 10A6                      u191 10A2  
           ___awmod@sign 0018                      wreg 0FE8                     _LATC 0F8B  
                   _LATD 0F8C                     _dice 1001                     _main 10B8  
                   _rand 1154                     _seed 001D                     start FFFC  
           ___param_bank 0000                    ?_main 0001                    ?_rand 000D  
        __end_of___awmod 10B8                    _TRISC 0F94                    _TRISD 0F95  
    ___lmul@multiplicand 0005                    tablat 0FF5                    status 0FD8  
        __initialization 122A             __end_of_dice 1008             __end_of_main 1154  
           __end_of_rand 11C0                   ??_main 0019                   ??_rand 000F  
          __activetblptr 0001                   _ANSELC 0F3A                   _ANSELD 0F3B  
                 _OSCCON 0FD3                   ___lmul 11C0                ??___awmod 0017  
        ___awmod@divisor 0015                   isa$std 0001          ___awmod@counter 0017  
                 main@d1 001B                   main@d2 001C             __mediumconst 1000  
                 tblptrh 0FF7                   tblptrl 0FF6                   tblptru 0FF8  
             __accesstop 0060  __end_of__initialization 1232            ___rparam_used 0001  
         __pcstackCOMRAM 0001                  ?___lmul 0001           ___lmul@product 0009  
                _OSCTUNE 0F9B                  __Hparam 0000                  __Lparam 0000  
                ___awmod 100A             __psmallconst 1000                  __pcinit 122A  
                __ramtop 1000                  __ptext0 10B8                  __ptext1 1154  
                __ptext2 11C0                  __ptext3 100A         ___awmod@dividend 0013  
   end_of_initialization 1232                _PORTBbits 0F81                _TRISBbits 0F93  
         __end_of___lmul 122A      start_initialization 122A                 ??___lmul 0009  
            __pbssCOMRAM 001D                 ?___awmod 0013              __smallconst 1000  
      ___lmul@multiplier 0001                 __Hrparam 0000                 __Lrparam 0000  
           __Lsmallconst 1000               _ANSELBbits 0F39                 isa$xinst 0000  
