

Microchip MPLAB XC8 Assembler V3.10 build 20250813170317 
                                                                                               Thu Sep 24 18:46:14 2026

Microchip MPLAB XC8 C Compiler v3.10 (Free license) build 20250813170317 Og1 
     1                           	processor	18F46K22
     2                           	fnconf	rparam,??,?,0
     3                           	pagewidth 120
     4                           	opt	flic
     5                           	psect	smallconst,global,reloc=2,class=SMALLCONST,space=0,delta=1,noexec
     6                           	psect	cinit,global,reloc=2,class=CODE,space=0,delta=1
     7                           	psect	bssCOMRAM,global,class=COMRAM,space=1,delta=1,lowdata,noexec
     8                           	psect	cstackCOMRAM,global,class=COMRAM,space=1,delta=1,lowdata,noexec
     9                           	psect	text0,global,reloc=2,class=CODE,space=0,delta=1
    10                           	psect	text1,global,reloc=2,class=CODE,space=0,delta=1
    11                           	psect	text2,global,reloc=2,class=CODE,space=0,delta=1
    12                           	psect	text3,global,reloc=2,class=CODE,space=0,delta=1
    13                           	psect	text4,global,reloc=2,class=CODE,space=0,delta=1
    14                           	psect	text5,global,reloc=2,class=CODE,space=0,delta=1
    15                           	psect	intsave_regs,global,class=BIGRAM,space=1,delta=1,noexec
    16                           	psect	rparam,global,class=COMRAM,space=1,delta=1,noexec
    17                           	psect	config,global,abs,ovrld,class=CONFIG,space=4,delta=1,noexec
    18   000000                     
    19                           ; Generated 22/04/2026 GMT
    20                           ; 
    21                           ; Copyright (c) 2026 Microchip Technology Inc. and its subsidiaries.
    22                           ; 
    23                           ; Licensed under the Apache License, Version 2.0 (the "License");
    24                           ; you may not use this file except in compliance with the License.
    25                           ; You may obtain a copy of the License at
    26                           ; 
    27                           ;   http://www.apache.org/licenses/LICENSE-2.0
    28                           ; 
    29                           ; Unless required by applicable law or agreed to in writing, software
    30                           ; distributed under the License is distributed on an "AS IS" BASIS,
    31                           ; WITHOUT WARRANTIES OR CONDITIONS OF ANY KIND, either express or implied.
    32                           ; See the License for the specific language governing permissions and
    33                           ; limitations under the License.
    34                           ; 
    35                           ; 
    36                           ; Code-generator required, PIC18F46K22 Definitions
    37                           ; 
    38                           ; SFR Addresses
    39   000FE0                     bsr             equ	4064
    40   000FE9                     fsr0            equ	4073
    41   000FEA                     fsr0h           equ	4074
    42   000FE9                     fsr0l           equ	4073
    43   000FE1                     fsr1            equ	4065
    44   000FE2                     fsr1h           equ	4066
    45   000FE1                     fsr1l           equ	4065
    46   000FD9                     fsr2            equ	4057
    47   000FDA                     fsr2h           equ	4058
    48   000FD9                     fsr2l           equ	4057
    49   000FEF                     indf0           equ	4079
    50   000FE7                     indf1           equ	4071
    51   000FDF                     indf2           equ	4063
    52   000FF2                     intcon          equ	4082
    53   000000                     nvmcon          equ	0
    54   000FF9                     pcl             equ	4089
    55   000FFA                     pclath          equ	4090
    56   000FFB                     pclatu          equ	4091
    57   000FEB                     plusw0          equ	4075
    58   000FE3                     plusw1          equ	4067
    59   000FDB                     plusw2          equ	4059
    60   000FED                     postdec0        equ	4077
    61   000FE5                     postdec1        equ	4069
    62   000FDD                     postdec2        equ	4061
    63   000FEE                     postinc0        equ	4078
    64   000FE6                     postinc1        equ	4070
    65   000FDE                     postinc2        equ	4062
    66   000FEC                     preinc0         equ	4076
    67   000FE4                     preinc1         equ	4068
    68   000FDC                     preinc2         equ	4060
    69   000FF3                     prod            equ	4083
    70   000FF4                     prodh           equ	4084
    71   000FF3                     prodl           equ	4083
    72   000FD8                     status          equ	4056
    73   000FF5                     tablat          equ	4085
    74   000FF6                     tblptr          equ	4086
    75   000FF7                     tblptrh         equ	4087
    76   000FF6                     tblptrl         equ	4086
    77   000FF8                     tblptru         equ	4088
    78   000FFD                     tosl            equ	4093
    79   000FE8                     wreg            equ	4072
    80   000F38                     ANSELA          equ	3896	;# 
    81   000F39                     ANSELB          equ	3897	;# 
    82   000F3A                     ANSELC          equ	3898	;# 
    83   000F3B                     ANSELD          equ	3899	;# 
    84   000F3C                     ANSELE          equ	3900	;# 
    85   000F3D                     PMD2            equ	3901	;# 
    86   000F3E                     PMD1            equ	3902	;# 
    87   000F3F                     PMD0            equ	3903	;# 
    88   000F40                     VREFCON2        equ	3904	;# 
    89   000F40                     DACCON1         equ	3904	;# 
    90   000F41                     VREFCON1        equ	3905	;# 
    91   000F41                     DACCON0         equ	3905	;# 
    92   000F42                     VREFCON0        equ	3906	;# 
    93   000F42                     FVRCON          equ	3906	;# 
    94   000F43                     CTMUICON        equ	3907	;# 
    95   000F43                     CTMUICONH       equ	3907	;# 
    96   000F44                     CTMUCONL        equ	3908	;# 
    97   000F44                     CTMUCON1        equ	3908	;# 
    98   000F45                     CTMUCONH        equ	3909	;# 
    99   000F45                     CTMUCON0        equ	3909	;# 
   100   000F46                     SRCON1          equ	3910	;# 
   101   000F47                     SRCON0          equ	3911	;# 
   102   000F48                     CCPTMRS1        equ	3912	;# 
   103   000F49                     CCPTMRS0        equ	3913	;# 
   104   000F4A                     T6CON           equ	3914	;# 
   105   000F4B                     PR6             equ	3915	;# 
   106   000F4C                     TMR6            equ	3916	;# 
   107   000F4D                     T5GCON          equ	3917	;# 
   108   000F4E                     T5CON           equ	3918	;# 
   109   000F4F                     TMR5            equ	3919	;# 
   110   000F4F                     TMR5L           equ	3919	;# 
   111   000F50                     TMR5H           equ	3920	;# 
   112   000F51                     T4CON           equ	3921	;# 
   113   000F52                     PR4             equ	3922	;# 
   114   000F53                     TMR4            equ	3923	;# 
   115   000F54                     CCP5CON         equ	3924	;# 
   116   000F55                     CCPR5           equ	3925	;# 
   117   000F55                     CCPR5L          equ	3925	;# 
   118   000F56                     CCPR5H          equ	3926	;# 
   119   000F57                     CCP4CON         equ	3927	;# 
   120   000F58                     CCPR4           equ	3928	;# 
   121   000F58                     CCPR4L          equ	3928	;# 
   122   000F59                     CCPR4H          equ	3929	;# 
   123   000F5A                     PSTR3CON        equ	3930	;# 
   124   000F5B                     ECCP3AS         equ	3931	;# 
   125   000F5B                     CCP3AS          equ	3931	;# 
   126   000F5C                     PWM3CON         equ	3932	;# 
   127   000F5D                     CCP3CON         equ	3933	;# 
   128   000F5E                     CCPR3           equ	3934	;# 
   129   000F5E                     CCPR3L          equ	3934	;# 
   130   000F5F                     CCPR3H          equ	3935	;# 
   131   000F60                     SLRCON          equ	3936	;# 
   132   000F61                     WPUB            equ	3937	;# 
   133   000F62                     IOCB            equ	3938	;# 
   134   000F63                     PSTR2CON        equ	3939	;# 
   135   000F64                     ECCP2AS         equ	3940	;# 
   136   000F64                     CCP2AS          equ	3940	;# 
   137   000F65                     PWM2CON         equ	3941	;# 
   138   000F66                     CCP2CON         equ	3942	;# 
   139   000F67                     CCPR2           equ	3943	;# 
   140   000F67                     CCPR2L          equ	3943	;# 
   141   000F68                     CCPR2H          equ	3944	;# 
   142   000F69                     SSP2CON3        equ	3945	;# 
   143   000F6A                     SSP2MSK         equ	3946	;# 
   144   000F6B                     SSP2CON2        equ	3947	;# 
   145   000F6C                     SSP2CON1        equ	3948	;# 
   146   000F6D                     SSP2STAT        equ	3949	;# 
   147   000F6E                     SSP2ADD         equ	3950	;# 
   148   000F6F                     SSP2BUF         equ	3951	;# 
   149   000F70                     BAUDCON2        equ	3952	;# 
   150   000F70                     BAUD2CON        equ	3952	;# 
   151   000F71                     RCSTA2          equ	3953	;# 
   152   000F71                     RC2STA          equ	3953	;# 
   153   000F72                     TXSTA2          equ	3954	;# 
   154   000F72                     TX2STA          equ	3954	;# 
   155   000F73                     TXREG2          equ	3955	;# 
   156   000F73                     TX2REG          equ	3955	;# 
   157   000F74                     RCREG2          equ	3956	;# 
   158   000F74                     RC2REG          equ	3956	;# 
   159   000F75                     SPBRG2          equ	3957	;# 
   160   000F75                     SP2BRG          equ	3957	;# 
   161   000F76                     SPBRGH2         equ	3958	;# 
   162   000F76                     SP2BRGH         equ	3958	;# 
   163   000F77                     CM2CON1         equ	3959	;# 
   164   000F77                     CM12CON         equ	3959	;# 
   165   000F78                     CM2CON0         equ	3960	;# 
   166   000F78                     CM2CON          equ	3960	;# 
   167   000F79                     CM1CON0         equ	3961	;# 
   168   000F79                     CM1CON          equ	3961	;# 
   169   000F7A                     PIE4            equ	3962	;# 
   170   000F7B                     PIR4            equ	3963	;# 
   171   000F7C                     IPR4            equ	3964	;# 
   172   000F7D                     PIE5            equ	3965	;# 
   173   000F7E                     PIR5            equ	3966	;# 
   174   000F7F                     IPR5            equ	3967	;# 
   175   000F80                     PORTA           equ	3968	;# 
   176   000F81                     PORTB           equ	3969	;# 
   177   000F82                     PORTC           equ	3970	;# 
   178   000F83                     PORTD           equ	3971	;# 
   179   000F84                     PORTE           equ	3972	;# 
   180   000F89                     LATA            equ	3977	;# 
   181   000F8A                     LATB            equ	3978	;# 
   182   000F8B                     LATC            equ	3979	;# 
   183   000F8C                     LATD            equ	3980	;# 
   184   000F8D                     LATE            equ	3981	;# 
   185   000F92                     TRISA           equ	3986	;# 
   186   000F92                     DDRA            equ	3986	;# 
   187   000F93                     TRISB           equ	3987	;# 
   188   000F93                     DDRB            equ	3987	;# 
   189   000F94                     TRISC           equ	3988	;# 
   190   000F94                     DDRC            equ	3988	;# 
   191   000F95                     TRISD           equ	3989	;# 
   192   000F95                     DDRD            equ	3989	;# 
   193   000F96                     TRISE           equ	3990	;# 
   194   000F96                     DDRE            equ	3990	;# 
   195   000F9B                     OSCTUNE         equ	3995	;# 
   196   000F9C                     HLVDCON         equ	3996	;# 
   197   000F9C                     LVDCON          equ	3996	;# 
   198   000F9D                     PIE1            equ	3997	;# 
   199   000F9E                     PIR1            equ	3998	;# 
   200   000F9F                     IPR1            equ	3999	;# 
   201   000FA0                     PIE2            equ	4000	;# 
   202   000FA1                     PIR2            equ	4001	;# 
   203   000FA2                     IPR2            equ	4002	;# 
   204   000FA3                     PIE3            equ	4003	;# 
   205   000FA4                     PIR3            equ	4004	;# 
   206   000FA5                     IPR3            equ	4005	;# 
   207   000FA6                     EECON1          equ	4006	;# 
   208   000FA7                     EECON2          equ	4007	;# 
   209   000FA8                     EEDATA          equ	4008	;# 
   210   000FA9                     EEADR           equ	4009	;# 
   211   000FAA                     EEADRH          equ	4010	;# 
   212   000FAB                     RCSTA1          equ	4011	;# 
   213   000FAB                     RCSTA           equ	4011	;# 
   214   000FAB                     RC1STA          equ	4011	;# 
   215   000FAC                     TXSTA1          equ	4012	;# 
   216   000FAC                     TXSTA           equ	4012	;# 
   217   000FAC                     TX1STA          equ	4012	;# 
   218   000FAD                     TXREG1          equ	4013	;# 
   219   000FAD                     TXREG           equ	4013	;# 
   220   000FAD                     TX1REG          equ	4013	;# 
   221   000FAE                     RCREG1          equ	4014	;# 
   222   000FAE                     RCREG           equ	4014	;# 
   223   000FAE                     RC1REG          equ	4014	;# 
   224   000FAF                     SPBRG1          equ	4015	;# 
   225   000FAF                     SPBRG           equ	4015	;# 
   226   000FAF                     SP1BRG          equ	4015	;# 
   227   000FB0                     SPBRGH1         equ	4016	;# 
   228   000FB0                     SPBRGH          equ	4016	;# 
   229   000FB0                     SP1BRGH         equ	4016	;# 
   230   000FB1                     T3CON           equ	4017	;# 
   231   000FB2                     TMR3            equ	4018	;# 
   232   000FB2                     TMR3L           equ	4018	;# 
   233   000FB3                     TMR3H           equ	4019	;# 
   234   000FB4                     T3GCON          equ	4020	;# 
   235   000FB6                     ECCP1AS         equ	4022	;# 
   236   000FB6                     ECCPAS          equ	4022	;# 
   237   000FB7                     PWM1CON         equ	4023	;# 
   238   000FB7                     PWMCON          equ	4023	;# 
   239   000FB8                     BAUDCON1        equ	4024	;# 
   240   000FB8                     BAUDCON         equ	4024	;# 
   241   000FB8                     BAUDCTL         equ	4024	;# 
   242   000FB8                     BAUD1CON        equ	4024	;# 
   243   000FB9                     PSTR1CON        equ	4025	;# 
   244   000FB9                     PSTRCON         equ	4025	;# 
   245   000FBA                     T2CON           equ	4026	;# 
   246   000FBB                     PR2             equ	4027	;# 
   247   000FBC                     TMR2            equ	4028	;# 
   248   000FBD                     CCP1CON         equ	4029	;# 
   249   000FBE                     CCPR1           equ	4030	;# 
   250   000FBE                     CCPR1L          equ	4030	;# 
   251   000FBF                     CCPR1H          equ	4031	;# 
   252   000FC0                     ADCON2          equ	4032	;# 
   253   000FC1                     ADCON1          equ	4033	;# 
   254   000FC2                     ADCON0          equ	4034	;# 
   255   000FC3                     ADRES           equ	4035	;# 
   256   000FC3                     ADRESL          equ	4035	;# 
   257   000FC4                     ADRESH          equ	4036	;# 
   258   000FC5                     SSP1CON2        equ	4037	;# 
   259   000FC5                     SSPCON2         equ	4037	;# 
   260   000FC6                     SSP1CON1        equ	4038	;# 
   261   000FC6                     SSPCON1         equ	4038	;# 
   262   000FC7                     SSP1STAT        equ	4039	;# 
   263   000FC7                     SSPSTAT         equ	4039	;# 
   264   000FC8                     SSP1ADD         equ	4040	;# 
   265   000FC8                     SSPADD          equ	4040	;# 
   266   000FC9                     SSP1BUF         equ	4041	;# 
   267   000FC9                     SSPBUF          equ	4041	;# 
   268   000FCA                     SSP1MSK         equ	4042	;# 
   269   000FCA                     SSPMSK          equ	4042	;# 
   270   000FCB                     SSP1CON3        equ	4043	;# 
   271   000FCB                     SSPCON3         equ	4043	;# 
   272   000FCC                     T1GCON          equ	4044	;# 
   273   000FCD                     T1CON           equ	4045	;# 
   274   000FCE                     TMR1            equ	4046	;# 
   275   000FCE                     TMR1L           equ	4046	;# 
   276   000FCF                     TMR1H           equ	4047	;# 
   277   000FD0                     RCON            equ	4048	;# 
   278   000FD1                     WDTCON          equ	4049	;# 
   279   000FD2                     OSCCON2         equ	4050	;# 
   280   000FD3                     OSCCON          equ	4051	;# 
   281   000FD5                     T0CON           equ	4053	;# 
   282   000FD6                     TMR0            equ	4054	;# 
   283   000FD6                     TMR0L           equ	4054	;# 
   284   000FD7                     TMR0H           equ	4055	;# 
   285   000FD8                     STATUS          equ	4056	;# 
   286   000FD9                     FSR2            equ	4057	;# 
   287   000FD9                     FSR2L           equ	4057	;# 
   288   000FDA                     FSR2H           equ	4058	;# 
   289   000FDB                     PLUSW2          equ	4059	;# 
   290   000FDC                     PREINC2         equ	4060	;# 
   291   000FDD                     POSTDEC2        equ	4061	;# 
   292   000FDE                     POSTINC2        equ	4062	;# 
   293   000FDF                     INDF2           equ	4063	;# 
   294   000FE0                     BSR             equ	4064	;# 
   295   000FE1                     FSR1            equ	4065	;# 
   296   000FE1                     FSR1L           equ	4065	;# 
   297   000FE2                     FSR1H           equ	4066	;# 
   298   000FE3                     PLUSW1          equ	4067	;# 
   299   000FE4                     PREINC1         equ	4068	;# 
   300   000FE5                     POSTDEC1        equ	4069	;# 
   301   000FE6                     POSTINC1        equ	4070	;# 
   302   000FE7                     INDF1           equ	4071	;# 
   303   000FE8                     WREG            equ	4072	;# 
   304   000FE9                     FSR0            equ	4073	;# 
   305   000FE9                     FSR0L           equ	4073	;# 
   306   000FEA                     FSR0H           equ	4074	;# 
   307   000FEB                     PLUSW0          equ	4075	;# 
   308   000FEC                     PREINC0         equ	4076	;# 
   309   000FED                     POSTDEC0        equ	4077	;# 
   310   000FEE                     POSTINC0        equ	4078	;# 
   311   000FEF                     INDF0           equ	4079	;# 
   312   000FF0                     INTCON3         equ	4080	;# 
   313   000FF1                     INTCON2         equ	4081	;# 
   314   000FF2                     INTCON          equ	4082	;# 
   315   000FF3                     PROD            equ	4083	;# 
   316   000FF3                     PRODL           equ	4083	;# 
   317   000FF4                     PRODH           equ	4084	;# 
   318   000FF5                     TABLAT          equ	4085	;# 
   319   000FF6                     TBLPTR          equ	4086	;# 
   320   000FF6                     TBLPTRL         equ	4086	;# 
   321   000FF7                     TBLPTRH         equ	4087	;# 
   322   000FF8                     TBLPTRU         equ	4088	;# 
   323   000FF9                     PCLAT           equ	4089	;# 
   324   000FF9                     PC              equ	4089	;# 
   325   000FF9                     PCL             equ	4089	;# 
   326   000FFA                     PCLATH          equ	4090	;# 
   327   000FFB                     PCLATU          equ	4091	;# 
   328   000FFC                     STKPTR          equ	4092	;# 
   329   000FFD                     TOS             equ	4093	;# 
   330   000FFD                     TOSL            equ	4093	;# 
   331   000FFE                     TOSH            equ	4094	;# 
   332   000FFF                     TOSU            equ	4095	;# 
   333                           
   334                           	psect	smallconst
   335   001000                     __psmallconst:
   336                           	callstack 0
   337   001000  00                 	db	0
   338   001001                     _sevenSeg:
   339                           	callstack 0
   340   001001  5F                 	db	95
   341   001002  06                 	db	6
   342   001003  9B                 	db	155
   343   001004  8F                 	db	143
   344   001005  C6                 	db	198
   345   001006  CD                 	db	205
   346   001007  DD                 	db	221
   347   001008  07                 	db	7
   348   001009  DF                 	db	223
   349   00100A  CF                 	db	207
   350   00100B                     __end_of_sevenSeg:
   351                           	callstack 0
   352   000F3C                     _ANSELE         set	3900
   353   000F3A                     _ANSELC         set	3898
   354   000F38                     _ANSELA         set	3896
   355   000F3B                     _ANSELD         set	3899
   356   000F39                     _ANSELB         set	3897
   357   000F82                     _PORTCbits      set	3970
   358   000F84                     _PORTEbits      set	3972
   359   000F92                     _TRISAbits      set	3986
   360   000F89                     _LATAbits       set	3977
   361   000F96                     _TRISEbits      set	3990
   362   000F94                     _TRISC          set	3988
   363   000F95                     _TRISD          set	3989
   364   000F93                     _TRISB          set	3987
   365   000F9B                     _OSCTUNEbits    set	3995
   366   000FD3                     _OSCCON         set	4051
   367   000F8A                     _LATB           set	3978
   368   000F8C                     _LATD           set	3980
   369   000F8B                     _LATC           set	3979
   370   00100B  00                 	db	0	; dummy byte at the end
   371   001000                     __smallconst    set	__psmallconst
   372   001000                     __mediumconst   set	__psmallconst
   373   000002                     __activetblptr  equ	2
   374                           
   375                           ; #config settings
   376                           
   377                           	psect	cinit
   378   001352                     __pcinit:
   379                           	callstack 0
   380   001352                     start_initialization:
   381                           	callstack 0
   382   001352                     __initialization:
   383                           	callstack 0
   384                           
   385                           ; Clear objects allocated to COMRAM (1 bytes)
   386   001352  6A0A               	clrf	__pbssCOMRAM& (0+255),c
   387   001354                     end_of_initialization:
   388                           	callstack 0
   389   001354                     __end_of__initialization:
   390                           	callstack 0
   391   001354  0E00               	movlw	low (__Lmediumconst shr (0+16))
   392   001356  6EF8               	movwf	tblptru,c
   393   001358  0100               	movlb	0
   394   00135A  EF06  F008         	goto	_main	;jump to C main() function
   395                           
   396                           	psect	bssCOMRAM
   397   00000A                     __pbssCOMRAM:
   398                           	callstack 0
   399   00000A                     _pedRequest:
   400                           	callstack 0
   401   00000A                     	ds	1
   402                           
   403                           	psect	cstackCOMRAM
   404   000001                     __pcstackCOMRAM:
   405                           	callstack 0
   406   000001                     set_lights@rb_val:
   407                           	callstack 0
   408   000001                     delay_and_poll@ms:
   409                           	callstack 0
   410   000001                     ??_seg_show:
   411                           
   412                           ; 1 bytes @ 0x0
   413   000001                     	ds	1
   414   000002                     ??_set_lights:
   415                           
   416                           ; 1 bytes @ 0x1
   417   000002                     	ds	1
   418   000003                     set_lights@rd_val:
   419                           	callstack 0
   420   000003                     seg_show@digit:
   421                           	callstack 0
   422   000003                     ??_delay_and_poll:
   423                           
   424                           ; 1 bytes @ 0x2
   425   000003                     	ds	1
   426   000004                     delay_and_poll@RUN:
   427                           	callstack 0
   428   000004                     
   429                           ; 1 bytes @ 0x3
   430   000004                     	ds	2
   431   000006                     ??_main:
   432                           
   433                           ; 1 bytes @ 0x5
   434   000006                     	ds	2
   435   000008                     main@digit:
   436                           	callstack 0
   437                           
   438                           ; 1 bytes @ 0x7
   439   000008                     	ds	1
   440   000009                     main@state:
   441                           	callstack 0
   442                           
   443                           ; 1 bytes @ 0x8
   444   000009                     	ds	1
   445                           
   446 ;;
   447 ;;Main: autosize = 0, tempsize = 2, incstack = 0, save=0
   448 ;;
   449 ;; *************** function _main *****************
   450 ;; Defined at:
   451 ;;		line 163 in file "Lab4.c"
   452 ;; Parameters:    Size  Location     Type
   453 ;;		None
   454 ;; Auto vars:     Size  Location     Type
   455 ;;  digit           1    7[COMRAM] char 
   456 ;;  state           1    8[COMRAM] enum E6140
   457 ;; Return value:  Size  Location     Type
   458 ;;                  1    wreg      void 
   459 ;; Registers used:
   460 ;;		wreg, status,2, status,0, tblptrl, tblptrh, tblptru, cstack
   461 ;; Tracked objects:
   462 ;;		On entry : 0/0
   463 ;;		On exit  : 0/0
   464 ;;		Unchanged: 0/0
   465 ;; Data sizes:     COMRAM   BANK0   BANK1   BANK2   BANK3   BANK4   BANK5   BANK6   BANK7   BANK8   BANK9  BANK10  BANK1
      +1  BANK12  BANK13  BANK14  BANK15
   466 ;;      Params:         0       0       0       0       0       0       0       0       0       0       0       0       
      +0       0       0       0       0
   467 ;;      Locals:         2       0       0       0       0       0       0       0       0       0       0       0       
      +0       0       0       0       0
   468 ;;      Temps:          2       0       0       0       0       0       0       0       0       0       0       0       
      +0       0       0       0       0
   469 ;;      Totals:         4       0       0       0       0       0       0       0       0       0       0       0       
      +0       0       0       0       0
   470 ;;Total ram usage:        4 bytes
   471 ;; Hardware stack levels required when called: 2
   472 ;; This function calls:
   473 ;;		_delay_and_poll
   474 ;;		_init
   475 ;;		_seg_blank
   476 ;;		_seg_show
   477 ;;		_set_lights
   478 ;; This function is called by:
   479 ;;		Startup code after reset
   480 ;; This function uses a non-reentrant model
   481 ;;
   482                           
   483                           	psect	text0
   484   00100C                     __ptext0:
   485                           	callstack 0
   486   00100C                     _main:
   487                           	callstack 29
   488   00100C                     
   489                           ;Lab4.c: 165:     init();
   490   00100C  EC62  F009         	call	_init	;wreg free
   491   001010                     l1117:
   492                           
   493                           ;Lab4.c: 166:     TrafficState state = EW_GREEN;
   494   001010  6A09               	clrf	main@state^0,c
   495   001012  EF0A  F009         	goto	l1201
   496   001016                     l1119:
   497                           
   498                           ;Lab4.c: 175:             set_lights(0x09, 0x24);
   499   001016  0E24               	movlw	36
   500   001018  6E01               	movwf	set_lights@rb_val^0,c
   501   00101A  0E09               	movlw	9
   502   00101C  EC97  F009         	call	_set_lights
   503                           
   504                           ;Lab4.c: 177:             if (delay_and_poll(6000)) {
   505   001020  0E17               	movlw	23
   506   001022  6E02               	movwf	(delay_and_poll@ms+1)^0,c
   507   001024  0E70               	movlw	112
   508   001026  6E01               	movwf	delay_and_poll@ms^0,c
   509   001028  EC31  F009         	call	_delay_and_poll	;wreg free
   510   00102C  0900               	iorlw	0
   511   00102E  B4D8               	btfsc	status,2,c
   512   001030  EF1C  F008         	goto	u211
   513   001034  EF1E  F008         	goto	u210
   514   001038                     u211:
   515   001038  EF22  F008         	goto	l1123
   516   00103C                     u210:
   517   00103C                     l1121:
   518                           
   519                           ;Lab4.c: 178:                 state = ALL_RED_FLASH;
   520   00103C  0E05               	movlw	5
   521   00103E  6E09               	movwf	main@state^0,c
   522                           
   523                           ;Lab4.c: 179:             }
   524   001040  EF0A  F009         	goto	l1201
   525   001044                     l1123:
   526                           
   527                           ;Lab4.c: 181:                 state = EW_YELLOW;
   528   001044  0E01               	movlw	1
   529   001046  6E09               	movwf	main@state^0,c
   530   001048  EF0A  F009         	goto	l1201
   531   00104C                     l1125:
   532                           
   533                           ;Lab4.c: 189:             set_lights(0x12, 0x12);
   534   00104C  0E12               	movlw	18
   535   00104E  6E01               	movwf	set_lights@rb_val^0,c
   536   001050  0E12               	movlw	18
   537   001052  EC97  F009         	call	_set_lights
   538                           
   539                           ;Lab4.c: 191:             if (delay_and_poll(3000)) {
   540   001056  0E0B               	movlw	11
   541   001058  6E02               	movwf	(delay_and_poll@ms+1)^0,c
   542   00105A  0EB8               	movlw	184
   543   00105C  6E01               	movwf	delay_and_poll@ms^0,c
   544   00105E  EC31  F009         	call	_delay_and_poll	;wreg free
   545   001062  0900               	iorlw	0
   546   001064  B4D8               	btfsc	status,2,c
   547   001066  EF37  F008         	goto	u221
   548   00106A  EF39  F008         	goto	u220
   549   00106E                     u221:
   550   00106E  EF3B  F008         	goto	l1129
   551   001072                     u220:
   552   001072  EF1E  F008         	goto	l1121
   553   001076                     l1129:
   554   001076  500A               	movf	_pedRequest^0,w,c
   555   001078  B4D8               	btfsc	status,2,c
   556   00107A  EF41  F008         	goto	u231
   557   00107E  EF43  F008         	goto	u230
   558   001082                     u231:
   559   001082  EF47  F008         	goto	l1133
   560   001086                     u230:
   561   001086                     l1131:
   562                           
   563                           ;Lab4.c: 195:                    state = PED_COUNTDOWN;
   564   001086  0E04               	movlw	4
   565   001088  6E09               	movwf	main@state^0,c
   566                           
   567                           ;Lab4.c: 196:                }
   568   00108A  EF0A  F009         	goto	l1201
   569   00108E                     l1133:
   570                           
   571                           ;Lab4.c: 198:                    state = NS_GREEN;
   572   00108E  0E02               	movlw	2
   573   001090  6E09               	movwf	main@state^0,c
   574   001092  EF0A  F009         	goto	l1201
   575   001096                     l1135:
   576                           
   577                           ;Lab4.c: 207:                 set_lights(0x24, 0x09);
   578   001096  0E09               	movlw	9
   579   001098  6E01               	movwf	set_lights@rb_val^0,c
   580   00109A  0E24               	movlw	36
   581   00109C  EC97  F009         	call	_set_lights
   582   0010A0                     
   583                           ;Lab4.c: 209:                 for (int8_t digit = 9; digit >= 0; digit--) {
   584   0010A0  0E09               	movlw	9
   585   0010A2  6E08               	movwf	main@digit^0,c
   586   0010A4                     l1143:
   587                           
   588                           ;Lab4.c: 210:                     seg_show((uint8_t) digit);
   589   0010A4  5008               	movf	main@digit^0,w,c
   590   0010A6  EC7D  F009         	call	_seg_show
   591   0010AA                     
   592                           ;Lab4.c: 212:                     if (delay_and_poll(1000)) {
   593   0010AA  0E03               	movlw	3
   594   0010AC  6E02               	movwf	(delay_and_poll@ms+1)^0,c
   595   0010AE  0EE8               	movlw	232
   596   0010B0  6E01               	movwf	delay_and_poll@ms^0,c
   597   0010B2  EC31  F009         	call	_delay_and_poll	;wreg free
   598   0010B6  0900               	iorlw	0
   599   0010B8  B4D8               	btfsc	status,2,c
   600   0010BA  EF61  F008         	goto	u241
   601   0010BE  EF63  F008         	goto	u240
   602   0010C2                     u241:
   603   0010C2  EF67  F008         	goto	l1149
   604   0010C6                     u240:
   605   0010C6                     
   606                           ;Lab4.c: 213:                         state = ALL_RED_FLASH;
   607   0010C6  0E05               	movlw	5
   608   0010C8  6E09               	movwf	main@state^0,c
   609                           
   610                           ;Lab4.c: 214:                         break;
   611   0010CA  EF6F  F008         	goto	l1153
   612   0010CE                     l1149:
   613                           
   614                           ;Lab4.c: 216:                 }
   615   0010CE  0608               	decf	main@digit^0,f,c
   616   0010D0  BE08               	btfsc	main@digit^0,7,c
   617   0010D2  EF6F  F008         	goto	u250
   618   0010D6  EF6D  F008         	goto	u251
   619   0010DA                     u251:
   620   0010DA  EF52  F008         	goto	l1143
   621   0010DE                     u250:
   622   0010DE                     l1153:
   623                           
   624                           ;Lab4.c: 218:                 if (state != ALL_RED_FLASH) {
   625   0010DE  0E05               	movlw	5
   626   0010E0  1809               	xorwf	main@state^0,w,c
   627   0010E2  B4D8               	btfsc	status,2,c
   628   0010E4  EF76  F008         	goto	u261
   629   0010E8  EF78  F008         	goto	u260
   630   0010EC                     u261:
   631   0010EC  EF0A  F009         	goto	l1201
   632   0010F0                     u260:
   633   0010F0                     
   634                           ;Lab4.c: 219:                     pedRequest = 0;
   635   0010F0  6A0A               	clrf	_pedRequest^0,c
   636                           
   637                           ;Lab4.c: 220:                     LATAbits.LATA4 = 0;
   638   0010F2  9889               	bcf	137,4,c	;volatile
   639   0010F4                     
   640                           ;Lab4.c: 221:                     seg_blank();
   641   0010F4  ECAF  F009         	call	_seg_blank	;wreg free
   642   0010F8  EF47  F008         	goto	l1133
   643   0010FC                     l1161:
   644                           
   645                           ;Lab4.c: 227:            set_lights(0x24, 0x09);
   646   0010FC  0E09               	movlw	9
   647   0010FE  6E01               	movwf	set_lights@rb_val^0,c
   648   001100  0E24               	movlw	36
   649   001102  EC97  F009         	call	_set_lights
   650                           
   651                           ;Lab4.c: 229:            if (delay_and_poll(6000)) {
   652   001106  0E17               	movlw	23
   653   001108  6E02               	movwf	(delay_and_poll@ms+1)^0,c
   654   00110A  0E70               	movlw	112
   655   00110C  6E01               	movwf	delay_and_poll@ms^0,c
   656   00110E  EC31  F009         	call	_delay_and_poll	;wreg free
   657   001112  0900               	iorlw	0
   658   001114  B4D8               	btfsc	status,2,c
   659   001116  EF8F  F008         	goto	u271
   660   00111A  EF91  F008         	goto	u270
   661   00111E                     u271:
   662   00111E  EF93  F008         	goto	l1165
   663   001122                     u270:
   664   001122  EF1E  F008         	goto	l1121
   665   001126                     l1165:
   666                           
   667                           ;Lab4.c: 233:                state = NS_YELLOW;
   668   001126  0E03               	movlw	3
   669   001128  6E09               	movwf	main@state^0,c
   670   00112A  EF0A  F009         	goto	l1201
   671   00112E                     l1167:
   672                           
   673                           ;Lab4.c: 238:        {;Lab4.c: 239:            set_lights(0x12, 0x12);
   674   00112E  0E12               	movlw	18
   675   001130  6E01               	movwf	set_lights@rb_val^0,c
   676   001132  0E12               	movlw	18
   677   001134  EC97  F009         	call	_set_lights
   678                           
   679                           ;Lab4.c: 241:            if (delay_and_poll(3000)) {
   680   001138  0E0B               	movlw	11
   681   00113A  6E02               	movwf	(delay_and_poll@ms+1)^0,c
   682   00113C  0EB8               	movlw	184
   683   00113E  6E01               	movwf	delay_and_poll@ms^0,c
   684   001140  EC31  F009         	call	_delay_and_poll	;wreg free
   685   001144  0900               	iorlw	0
   686   001146  B4D8               	btfsc	status,2,c
   687   001148  EFA8  F008         	goto	u281
   688   00114C  EFAA  F008         	goto	u280
   689   001150                     u281:
   690   001150  EFAC  F008         	goto	l1171
   691   001154                     u280:
   692   001154  EF1E  F008         	goto	l1121
   693   001158                     l1171:
   694   001158  500A               	movf	_pedRequest^0,w,c
   695   00115A  B4D8               	btfsc	status,2,c
   696   00115C  EFB2  F008         	goto	u291
   697   001160  EFB4  F008         	goto	u290
   698   001164                     u291:
   699   001164  EF08  F008         	goto	l1117
   700   001168                     u290:
   701   001168  EF43  F008         	goto	l1131
   702   00116C                     l1175:
   703                           
   704                           ;Lab4.c: 258:                 _delay((unsigned long)((10)*(16000000UL/4000.0)));
   705   00116C  0E34               	movlw	52
   706   00116E  6E06               	movwf	??_main^0,c
   707   001170  0EF2               	movlw	242
   708   001172                     u347:
   709   001172  2EE8               	decfsz	wreg,f,c
   710   001174  D7FE               	bra	u347
   711   001176  2E06               	decfsz	??_main^0,f,c
   712   001178  D7FC               	bra	u347
   713   00117A                     l1177:
   714                           
   715                           ;Lab4.c: 257:             while (PORTCbits.RC5 == 0) {
   716   00117A  AA82               	btfss	130,5,c	;volatile
   717   00117C  EFC2  F008         	goto	u301
   718   001180  EFC4  F008         	goto	u300
   719   001184                     u301:
   720   001184  EFB6  F008         	goto	l1175
   721   001188                     u300:
   722   001188                     l1179:
   723                           
   724                           ;Lab4.c: 264:                 set_lights(0x09, 0x09);
   725   001188  0E09               	movlw	9
   726   00118A  6E01               	movwf	set_lights@rb_val^0,c
   727   00118C  0E09               	movlw	9
   728   00118E  EC97  F009         	call	_set_lights
   729                           
   730                           ;Lab4.c: 266:                 if (delay_and_poll(500)) {
   731   001192  0E01               	movlw	1
   732   001194  6E02               	movwf	(delay_and_poll@ms+1)^0,c
   733   001196  0EF4               	movlw	244
   734   001198  6E01               	movwf	delay_and_poll@ms^0,c
   735   00119A  EC31  F009         	call	_delay_and_poll	;wreg free
   736   00119E  0900               	iorlw	0
   737   0011A0  B4D8               	btfsc	status,2,c
   738   0011A2  EFD5  F008         	goto	u311
   739   0011A6  EFD7  F008         	goto	u310
   740   0011AA                     u311:
   741   0011AA  EFD9  F008         	goto	l1183
   742   0011AE                     u310:
   743   0011AE  EFF5  F008         	goto	l1189
   744   0011B2                     l1183:
   745                           
   746                           ;Lab4.c: 271:                 set_lights(0x00, 0x00);
   747   0011B2  0E00               	movlw	0
   748   0011B4  6E01               	movwf	set_lights@rb_val^0,c
   749   0011B6  0E00               	movlw	0
   750   0011B8  EC97  F009         	call	_set_lights
   751                           
   752                           ;Lab4.c: 273:                 if (delay_and_poll(500)) {
   753   0011BC  0E01               	movlw	1
   754   0011BE  6E02               	movwf	(delay_and_poll@ms+1)^0,c
   755   0011C0  0EF4               	movlw	244
   756   0011C2  6E01               	movwf	delay_and_poll@ms^0,c
   757   0011C4  EC31  F009         	call	_delay_and_poll	;wreg free
   758   0011C8  0900               	iorlw	0
   759   0011CA  B4D8               	btfsc	status,2,c
   760   0011CC  EFEA  F008         	goto	u321
   761   0011D0  EFEC  F008         	goto	u320
   762   0011D4                     u321:
   763   0011D4  EFC4  F008         	goto	l1179
   764   0011D8                     u320:
   765   0011D8  EFF5  F008         	goto	l1189
   766   0011DC                     l1187:
   767                           
   768                           ;Lab4.c: 280:                 _delay((unsigned long)((10)*(16000000UL/4000.0)));
   769   0011DC  0E34               	movlw	52
   770   0011DE  6E06               	movwf	??_main^0,c
   771   0011E0  0EF2               	movlw	242
   772   0011E2                     u357:
   773   0011E2  2EE8               	decfsz	wreg,f,c
   774   0011E4  D7FE               	bra	u357
   775   0011E6  2E06               	decfsz	??_main^0,f,c
   776   0011E8  D7FC               	bra	u357
   777   0011EA                     l1189:
   778                           
   779                           ;Lab4.c: 279:             while (PORTCbits.RC5 == 0) {
   780   0011EA  AA82               	btfss	130,5,c	;volatile
   781   0011EC  EFFA  F008         	goto	u331
   782   0011F0  EFFC  F008         	goto	u330
   783   0011F4                     u331:
   784   0011F4  EFEE  F008         	goto	l1187
   785   0011F8                     u330:
   786   0011F8                     
   787                           ;Lab4.c: 283:             set_lights(0x09, 0x09);
   788   0011F8  0E09               	movlw	9
   789   0011FA  6E01               	movwf	set_lights@rb_val^0,c
   790   0011FC  0E09               	movlw	9
   791   0011FE  EC97  F009         	call	_set_lights
   792   001202  EF08  F008         	goto	l1117
   793   001206                     l1195:
   794                           
   795                           ;Lab4.c: 290:           set_lights(0x09,0x09);
   796   001206  0E09               	movlw	9
   797   001208  6E01               	movwf	set_lights@rb_val^0,c
   798   00120A  0E09               	movlw	9
   799   00120C  EC97  F009         	call	_set_lights
   800   001210  EF08  F008         	goto	l1117
   801   001214                     l1201:
   802   001214  5009               	movf	main@state^0,w,c
   803   001216  6E06               	movwf	??_main^0,c
   804   001218  6A07               	clrf	(??_main+1)^0,c
   805                           
   806                           ; Switch on 2 bytes has been partitioned into a top level switch of size 1, and 1 sub-sw
      +                          itches
   807                           ; Switch size 1, requested type "simple"
   808                           ; Number of cases is 1, Range of values is 0 to 0
   809                           ; switch strategies available:
   810                           ; Name         Instructions Cycles
   811                           ; simple_byte            4     3 (average)
   812                           ;	Chosen strategy is simple_byte
   813   00121A  5007               	movf	(??_main+1)^0,w,c
   814   00121C  0A00               	xorlw	0	; case 0
   815   00121E  B4D8               	btfsc	status,2,c
   816   001220  EF14  F009         	goto	l1227
   817   001224  EF03  F009         	goto	l1195
   818   001228                     l1227:
   819                           
   820                           ; Switch size 1, requested type "simple"
   821                           ; Number of cases is 6, Range of values is 0 to 5
   822                           ; switch strategies available:
   823                           ; Name         Instructions Cycles
   824                           ; simple_byte           19    10 (average)
   825                           ;	Chosen strategy is simple_byte
   826   001228  5006               	movf	??_main^0,w,c
   827   00122A  0A00               	xorlw	0	; case 0
   828   00122C  B4D8               	btfsc	status,2,c
   829   00122E  EF0B  F008         	goto	l1119
   830   001232  0A01               	xorlw	1	; case 1
   831   001234  B4D8               	btfsc	status,2,c
   832   001236  EF26  F008         	goto	l1125
   833   00123A  0A03               	xorlw	3	; case 2
   834   00123C  B4D8               	btfsc	status,2,c
   835   00123E  EF7E  F008         	goto	l1161
   836   001242  0A01               	xorlw	1	; case 3
   837   001244  B4D8               	btfsc	status,2,c
   838   001246  EF97  F008         	goto	l1167
   839   00124A  0A07               	xorlw	7	; case 4
   840   00124C  B4D8               	btfsc	status,2,c
   841   00124E  EF4B  F008         	goto	l1135
   842   001252  0A01               	xorlw	1	; case 5
   843   001254  B4D8               	btfsc	status,2,c
   844   001256  EFBD  F008         	goto	l1177
   845   00125A  EF03  F009         	goto	l1195
   846   00125E  EFFE  F07F         	goto	start
   847   001262                     __end_of_main:
   848                           	callstack 0
   849                           
   850 ;; *************** function _seg_show *****************
   851 ;; Defined at:
   852 ;;		line 129 in file "Lab4.c"
   853 ;; Parameters:    Size  Location     Type
   854 ;;  digit           1    wreg     unsigned char 
   855 ;; Auto vars:     Size  Location     Type
   856 ;;  digit           1    2[COMRAM] unsigned char 
   857 ;; Return value:  Size  Location     Type
   858 ;;                  1    wreg      void 
   859 ;; Registers used:
   860 ;;		wreg, status,2, status,0, tblptrl, tblptrh, tblptru
   861 ;; Tracked objects:
   862 ;;		On entry : 0/0
   863 ;;		On exit  : 0/0
   864 ;;		Unchanged: 0/0
   865 ;; Data sizes:     COMRAM   BANK0   BANK1   BANK2   BANK3   BANK4   BANK5   BANK6   BANK7   BANK8   BANK9  BANK10  BANK1
      +1  BANK12  BANK13  BANK14  BANK15
   866 ;;      Params:         0       0       0       0       0       0       0       0       0       0       0       0       
      +0       0       0       0       0
   867 ;;      Locals:         1       0       0       0       0       0       0       0       0       0       0       0       
      +0       0       0       0       0
   868 ;;      Temps:          2       0       0       0       0       0       0       0       0       0       0       0       
      +0       0       0       0       0
   869 ;;      Totals:         3       0       0       0       0       0       0       0       0       0       0       0       
      +0       0       0       0       0
   870 ;;Total ram usage:        3 bytes
   871 ;; Hardware stack levels used: 1
   872 ;; This function calls:
   873 ;;		Nothing
   874 ;; This function is called by:
   875 ;;		_main
   876 ;; This function uses a non-reentrant model
   877 ;;
   878                           
   879                           	psect	text1
   880   0012FA                     __ptext1:
   881                           	callstack 0
   882   0012FA                     _seg_show:
   883                           	callstack 30
   884                           
   885                           ;incstack = 0
   886                           ;seg_show@digit stored from wreg
   887   0012FA  6E03               	movwf	seg_show@digit^0,c
   888   0012FC                     
   889                           ;Lab4.c: 129: static void seg_show(uint8_t digit);Lab4.c: 130: {;Lab4.c: 131:     if (di
      +                          git <= 9) {
   890   0012FC  0E0A               	movlw	10
   891   0012FE  6003               	cpfslt	seg_show@digit^0,c
   892   001300  EF84  F009         	goto	u11
   893   001304  EF86  F009         	goto	u10
   894   001308                     u11:
   895   001308  EF96  F009         	goto	l55
   896   00130C                     u10:
   897   00130C                     
   898                           ;Lab4.c: 132:         LATC = (LATC & 0x20) |
   899   00130C  5003               	movf	seg_show@digit^0,w,c
   900   00130E  0F01               	addlw	low _sevenSeg
   901   001310  6E01               	movwf	??_seg_show^0,c
   902   001312  C001  FFF6         	movff	??_seg_show,tblptrl
   903   001316                     	if	1	;There is more than 1 active tblptr byte
   904   001316  0E10               	movlw	high __smallconst
   905   001318  6EF7               	movwf	tblptrh,c
   906   00131A                     	endif
   907   00131A                     	if	0	;tblptru may be non-zero
   908   00131A                     	endif
   909   00131A                     	if	0	;tblptru may be non-zero
   910   00131A                     	endif
   911   00131A  0008               	tblrd		*
   912   00131C  CFF5 F002          	movff	tablat,??_seg_show+1
   913   001320  0EDF               	movlw	223
   914   001322  1602               	andwf	(??_seg_show+1)^0,f,c
   915   001324  508B               	movf	139,w,c	;volatile
   916   001326  0B20               	andlw	32
   917   001328  1002               	iorwf	(??_seg_show+1)^0,w,c
   918   00132A  6E8B               	movwf	139,c	;volatile
   919   00132C                     l55:
   920   00132C  0012               	return		;funcret
   921   00132E                     __end_of_seg_show:
   922                           	callstack 0
   923                           
   924 ;; *************** function _seg_blank *****************
   925 ;; Defined at:
   926 ;;		line 82 in file "Lab4.c"
   927 ;; Parameters:    Size  Location     Type
   928 ;;		None
   929 ;; Auto vars:     Size  Location     Type
   930 ;;		None
   931 ;; Return value:  Size  Location     Type
   932 ;;                  1    wreg      void 
   933 ;; Registers used:
   934 ;;		wreg, status,2, status,0
   935 ;; Tracked objects:
   936 ;;		On entry : 0/0
   937 ;;		On exit  : 0/0
   938 ;;		Unchanged: 0/0
   939 ;; Data sizes:     COMRAM   BANK0   BANK1   BANK2   BANK3   BANK4   BANK5   BANK6   BANK7   BANK8   BANK9  BANK10  BANK1
      +1  BANK12  BANK13  BANK14  BANK15
   940 ;;      Params:         0       0       0       0       0       0       0       0       0       0       0       0       
      +0       0       0       0       0
   941 ;;      Locals:         0       0       0       0       0       0       0       0       0       0       0       0       
      +0       0       0       0       0
   942 ;;      Temps:          0       0       0       0       0       0       0       0       0       0       0       0       
      +0       0       0       0       0
   943 ;;      Totals:         0       0       0       0       0       0       0       0       0       0       0       0       
      +0       0       0       0       0
   944 ;;Total ram usage:        0 bytes
   945 ;; Hardware stack levels used: 1
   946 ;; This function calls:
   947 ;;		Nothing
   948 ;; This function is called by:
   949 ;;		_main
   950 ;; This function uses a non-reentrant model
   951 ;;
   952                           
   953                           	psect	text2
   954   00135E                     __ptext2:
   955                           	callstack 0
   956   00135E                     _seg_blank:
   957                           	callstack 30
   958   00135E                     
   959                           ;Lab4.c: 84:     LATC &= 0x20;
   960   00135E  0E20               	movlw	32
   961   001360  168B               	andwf	139,f,c	;volatile
   962   001362  0012               	return		;funcret
   963   001364                     __end_of_seg_blank:
   964                           	callstack 0
   965                           
   966 ;; *************** function _init *****************
   967 ;; Defined at:
   968 ;;		line 97 in file "Lab4.c"
   969 ;; Parameters:    Size  Location     Type
   970 ;;		None
   971 ;; Auto vars:     Size  Location     Type
   972 ;;		None
   973 ;; Return value:  Size  Location     Type
   974 ;;                  1    wreg      void 
   975 ;; Registers used:
   976 ;;		wreg, status,2, status,0, cstack
   977 ;; Tracked objects:
   978 ;;		On entry : 0/0
   979 ;;		On exit  : 0/0
   980 ;;		Unchanged: 0/0
   981 ;; Data sizes:     COMRAM   BANK0   BANK1   BANK2   BANK3   BANK4   BANK5   BANK6   BANK7   BANK8   BANK9  BANK10  BANK1
      +1  BANK12  BANK13  BANK14  BANK15
   982 ;;      Params:         0       0       0       0       0       0       0       0       0       0       0       0       
      +0       0       0       0       0
   983 ;;      Locals:         0       0       0       0       0       0       0       0       0       0       0       0       
      +0       0       0       0       0
   984 ;;      Temps:          0       0       0       0       0       0       0       0       0       0       0       0       
      +0       0       0       0       0
   985 ;;      Totals:         0       0       0       0       0       0       0       0       0       0       0       0       
      +0       0       0       0       0
   986 ;;Total ram usage:        0 bytes
   987 ;; Hardware stack levels used: 1
   988 ;; Hardware stack levels required when called: 1
   989 ;; This function calls:
   990 ;;		_set_lights
   991 ;; This function is called by:
   992 ;;		_main
   993 ;; This function uses a non-reentrant model
   994 ;;
   995                           
   996                           	psect	text3
   997   0012C4                     __ptext3:
   998                           	callstack 0
   999   0012C4                     _init:
  1000                           	callstack 29
  1001   0012C4                     
  1002                           ;Lab4.c: 99:      OSCCON = 0b01110010;
  1003   0012C4  0E72               	movlw	114
  1004   0012C6  6ED3               	movwf	211,c	;volatile
  1005   0012C8                     
  1006                           ;Lab4.c: 100:      OSCTUNEbits.PLLEN = 0;
  1007   0012C8  9C9B               	bcf	155,6,c	;volatile
  1008   0012CA                     
  1009                           ;Lab4.c: 103:    ANSELB = 0;
  1010   0012CA  010F               	movlb	15	; () banked
  1011   0012CC  6B39               	clrf	57,b	;volatile
  1012   0012CE                     
  1013                           ; BSR set to: 15
  1014                           ;Lab4.c: 104:    ANSELD = 0;
  1015   0012CE  6B3B               	clrf	59,b	;volatile
  1016   0012D0                     
  1017                           ; BSR set to: 15
  1018                           ;Lab4.c: 106:    ANSELA = 0;
  1019   0012D0  6B38               	clrf	56,b	;volatile
  1020   0012D2                     
  1021                           ; BSR set to: 15
  1022                           ;Lab4.c: 107:    ANSELC = 0;
  1023   0012D2  6B3A               	clrf	58,b	;volatile
  1024   0012D4                     
  1025                           ; BSR set to: 15
  1026                           ;Lab4.c: 108:    ANSELE = 0;
  1027   0012D4  6B3C               	clrf	60,b	;volatile
  1028   0012D6                     
  1029                           ; BSR set to: 15
  1030                           ;Lab4.c: 111:    TRISB &= 0xC0;
  1031   0012D6  0EC0               	movlw	192
  1032   0012D8  1693               	andwf	147,f,c	;volatile
  1033   0012DA                     
  1034                           ; BSR set to: 15
  1035                           ;Lab4.c: 112:    TRISD &= 0xC0;
  1036   0012DA  0EC0               	movlw	192
  1037   0012DC  1695               	andwf	149,f,c	;volatile
  1038                           
  1039                           ;Lab4.c: 114:    TRISC = 0x20;
  1040   0012DE  0E20               	movlw	32
  1041   0012E0  6E94               	movwf	148,c	;volatile
  1042   0012E2                     
  1043                           ; BSR set to: 15
  1044                           ;Lab4.c: 116:    TRISEbits.TRISE0 = 1;
  1045   0012E2  8096               	bsf	150,0,c	;volatile
  1046   0012E4                     
  1047                           ; BSR set to: 15
  1048                           ;Lab4.c: 117:    LATAbits.LATA4 = 0;
  1049   0012E4  9889               	bcf	137,4,c	;volatile
  1050   0012E6                     
  1051                           ; BSR set to: 15
  1052                           ;Lab4.c: 118:    TRISAbits.TRISA4 = 0;
  1053   0012E6  9892               	bcf	146,4,c	;volatile
  1054   0012E8                     
  1055                           ; BSR set to: 15
  1056                           ;Lab4.c: 121:     LATC = (LATC & 0x20) | (0x00 & 0xDF);
  1057   0012E8  508B               	movf	139,w,c	;volatile
  1058   0012EA  0B20               	andlw	32
  1059   0012EC  6E8B               	movwf	139,c	;volatile
  1060   0012EE                     
  1061                           ; BSR set to: 15
  1062                           ;Lab4.c: 124:    set_lights(0x09, 0x09);
  1063   0012EE  0E09               	movlw	9
  1064   0012F0  6E01               	movwf	set_lights@rb_val^0,c
  1065   0012F2  0E09               	movlw	9
  1066   0012F4  EC97  F009         	call	_set_lights
  1067   0012F8  0012               	return		;funcret
  1068   0012FA                     __end_of_init:
  1069                           	callstack 0
  1070                           
  1071 ;; *************** function _set_lights *****************
  1072 ;; Defined at:
  1073 ;;		line 90 in file "Lab4.c"
  1074 ;; Parameters:    Size  Location     Type
  1075 ;;  rd_val          1    wreg     unsigned char 
  1076 ;;  rb_val          1    0[COMRAM] unsigned char 
  1077 ;; Auto vars:     Size  Location     Type
  1078 ;;  rd_val          1    2[COMRAM] unsigned char 
  1079 ;; Return value:  Size  Location     Type
  1080 ;;                  1    wreg      void 
  1081 ;; Registers used:
  1082 ;;		wreg, status,2, status,0
  1083 ;; Tracked objects:
  1084 ;;		On entry : 0/0
  1085 ;;		On exit  : 0/0
  1086 ;;		Unchanged: 0/0
  1087 ;; Data sizes:     COMRAM   BANK0   BANK1   BANK2   BANK3   BANK4   BANK5   BANK6   BANK7   BANK8   BANK9  BANK10  BANK1
      +1  BANK12  BANK13  BANK14  BANK15
  1088 ;;      Params:         1       0       0       0       0       0       0       0       0       0       0       0       
      +0       0       0       0       0
  1089 ;;      Locals:         1       0       0       0       0       0       0       0       0       0       0       0       
      +0       0       0       0       0
  1090 ;;      Temps:          1       0       0       0       0       0       0       0       0       0       0       0       
      +0       0       0       0       0
  1091 ;;      Totals:         3       0       0       0       0       0       0       0       0       0       0       0       
      +0       0       0       0       0
  1092 ;;Total ram usage:        3 bytes
  1093 ;; Hardware stack levels used: 1
  1094 ;; This function calls:
  1095 ;;		Nothing
  1096 ;; This function is called by:
  1097 ;;		_init
  1098 ;;		_main
  1099 ;; This function uses a non-reentrant model
  1100 ;;
  1101                           
  1102                           	psect	text4
  1103   00132E                     __ptext4:
  1104                           	callstack 0
  1105   00132E                     _set_lights:
  1106                           	callstack 29
  1107                           
  1108                           ;incstack = 0
  1109                           ;set_lights@rd_val stored from wreg
  1110   00132E  6E03               	movwf	set_lights@rd_val^0,c
  1111   001330                     
  1112                           ;Lab4.c: 93:     LATD =(LATD & 0xC0) | (rd_val & 0x3F);
  1113   001330  C003  F002         	movff	set_lights@rd_val,??_set_lights
  1114   001334  0E3F               	movlw	63
  1115   001336  1602               	andwf	??_set_lights^0,f,c
  1116   001338  508C               	movf	140,w,c	;volatile
  1117   00133A  0BC0               	andlw	192
  1118   00133C  1002               	iorwf	??_set_lights^0,w,c
  1119   00133E  6E8C               	movwf	140,c	;volatile
  1120                           
  1121                           ;Lab4.c: 94:     LATB = (LATB & 0xC0) | (rb_val & 0x3F);
  1122   001340  C001  F002         	movff	set_lights@rb_val,??_set_lights
  1123   001344  0E3F               	movlw	63
  1124   001346  1602               	andwf	??_set_lights^0,f,c
  1125   001348  508A               	movf	138,w,c	;volatile
  1126   00134A  0BC0               	andlw	192
  1127   00134C  1002               	iorwf	??_set_lights^0,w,c
  1128   00134E  6E8A               	movwf	138,c	;volatile
  1129   001350  0012               	return		;funcret
  1130   001352                     __end_of_set_lights:
  1131                           	callstack 0
  1132                           
  1133 ;; *************** function _delay_and_poll *****************
  1134 ;; Defined at:
  1135 ;;		line 143 in file "Lab4.c"
  1136 ;; Parameters:    Size  Location     Type
  1137 ;;  ms              2    0[COMRAM] unsigned short 
  1138 ;; Auto vars:     Size  Location     Type
  1139 ;;  RUN             2    3[COMRAM] unsigned short 
  1140 ;; Return value:  Size  Location     Type
  1141 ;;                  1    wreg      unsigned char 
  1142 ;; Registers used:
  1143 ;;		wreg, status,2, status,0
  1144 ;; Tracked objects:
  1145 ;;		On entry : 0/0
  1146 ;;		On exit  : 0/0
  1147 ;;		Unchanged: 0/0
  1148 ;; Data sizes:     COMRAM   BANK0   BANK1   BANK2   BANK3   BANK4   BANK5   BANK6   BANK7   BANK8   BANK9  BANK10  BANK1
      +1  BANK12  BANK13  BANK14  BANK15
  1149 ;;      Params:         2       0       0       0       0       0       0       0       0       0       0       0       
      +0       0       0       0       0
  1150 ;;      Locals:         2       0       0       0       0       0       0       0       0       0       0       0       
      +0       0       0       0       0
  1151 ;;      Temps:          1       0       0       0       0       0       0       0       0       0       0       0       
      +0       0       0       0       0
  1152 ;;      Totals:         5       0       0       0       0       0       0       0       0       0       0       0       
      +0       0       0       0       0
  1153 ;;Total ram usage:        5 bytes
  1154 ;; Hardware stack levels used: 1
  1155 ;; This function calls:
  1156 ;;		Nothing
  1157 ;; This function is called by:
  1158 ;;		_main
  1159 ;; This function uses a non-reentrant model
  1160 ;;
  1161                           
  1162                           	psect	text5
  1163   001262                     __ptext5:
  1164                           	callstack 0
  1165   001262                     _delay_and_poll:
  1166                           	callstack 30
  1167   001262                     
  1168                           ;Lab4.c: 145:     uint16_t RUN = 0;
  1169   001262  6A05               	clrf	(delay_and_poll@RUN+1)^0,c
  1170   001264  0E00               	movlw	0
  1171   001266  6E04               	movwf	delay_and_poll@RUN^0,c
  1172                           
  1173                           ;Lab4.c: 146:     while (RUN < ms) {
  1174   001268  EF55  F009         	goto	l1109
  1175   00126C                     l59:
  1176                           
  1177                           ;Lab4.c: 148:         if (PORTEbits.RE0 == 0) {
  1178   00126C  B084               	btfsc	132,0,c	;volatile
  1179   00126E  EF3B  F009         	goto	u181
  1180   001272  EF3D  F009         	goto	u180
  1181   001276                     u181:
  1182   001276  EF40  F009         	goto	l1099
  1183   00127A                     u180:
  1184   00127A                     
  1185                           ;Lab4.c: 149:             pedRequest = 1;
  1186   00127A  0E01               	movlw	1
  1187   00127C  6E0A               	movwf	_pedRequest^0,c
  1188   00127E                     
  1189                           ;Lab4.c: 150:             LATAbits.LATA4 = 1;
  1190   00127E  8889               	bsf	137,4,c	;volatile
  1191   001280                     l1099:
  1192                           
  1193                           ;Lab4.c: 153:     if (PORTCbits.RC5 == 0) {
  1194   001280  BA82               	btfsc	130,5,c	;volatile
  1195   001282  EF45  F009         	goto	u191
  1196   001286  EF47  F009         	goto	u190
  1197   00128A                     u191:
  1198   00128A  EF4A  F009         	goto	l1105
  1199   00128E                     u190:
  1200   00128E                     
  1201                           ;Lab4.c: 154:         return 1;
  1202   00128E  0E01               	movlw	1
  1203   001290  EF61  F009         	goto	l62
  1204   001294                     l1105:
  1205                           
  1206                           ;Lab4.c: 156:     _delay((unsigned long)((10)*(16000000UL/4000.0)));
  1207   001294  0E34               	movlw	52
  1208   001296  6E03               	movwf	??_delay_and_poll^0,c
  1209   001298  0EF2               	movlw	242
  1210   00129A                     u367:
  1211   00129A  2EE8               	decfsz	wreg,f,c
  1212   00129C  D7FE               	bra	u367
  1213   00129E  2E03               	decfsz	??_delay_and_poll^0,f,c
  1214   0012A0  D7FC               	bra	u367
  1215   0012A2                     
  1216                           ;Lab4.c: 157:     RUN += 10;
  1217   0012A2  0E0A               	movlw	10
  1218   0012A4  2604               	addwf	delay_and_poll@RUN^0,f,c
  1219   0012A6  0E00               	movlw	0
  1220   0012A8  2205               	addwfc	(delay_and_poll@RUN+1)^0,f,c
  1221   0012AA                     l1109:
  1222                           
  1223                           ;Lab4.c: 146:     while (RUN < ms) {
  1224   0012AA  5001               	movf	delay_and_poll@ms^0,w,c
  1225   0012AC  5C04               	subwf	delay_and_poll@RUN^0,w,c
  1226   0012AE  5002               	movf	(delay_and_poll@ms+1)^0,w,c
  1227   0012B0  5805               	subwfb	(delay_and_poll@RUN+1)^0,w,c
  1228   0012B2  A0D8               	btfss	status,0,c
  1229   0012B4  EF5E  F009         	goto	u201
  1230   0012B8  EF60  F009         	goto	u200
  1231   0012BC                     u201:
  1232   0012BC  EF36  F009         	goto	l59
  1233   0012C0                     u200:
  1234   0012C0                     
  1235                           ;Lab4.c: 159:     return 0;
  1236   0012C0  0E00               	movlw	0
  1237   0012C2                     l62:
  1238   0012C2  0012               	return		;funcret
  1239   0012C4                     __end_of_delay_and_poll:
  1240                           	callstack 0
  1241                           
  1242                           	psect	rparam
  1243   000001                     ___rparam_used  equ	1
  1244   000000                     ___param_bank   equ	0
  1245   000000                     __Lparam        equ	__Lrparam
  1246   000000                     __Hparam        equ	__Hrparam
  1247                           
  1248                           	psect	config
  1249                           
  1250                           ; Padding undefined space
  1251   300000                     	org	3145728
  1252   300000  FF                 	db	255
  1253                           
  1254                           ;Config register CONFIG1H @ 0x300001
  1255                           ;	Oscillator Selection bits
  1256                           ;	FOSC = INTIO67, Internal oscillator block
  1257                           ;	4X PLL Enable
  1258                           ;	PLLCFG = ON, Oscillator multiplied by 4
  1259                           ;	Primary clock enable bit
  1260                           ;	PRICLKEN = ON, Primary clock is always enabled
  1261                           ;	Fail-Safe Clock Monitor Enable bit
  1262                           ;	FCMEN = OFF, Fail-Safe Clock Monitor disabled
  1263                           ;	Internal/External Oscillator Switchover bit
  1264                           ;	IESO = OFF, Oscillator Switchover mode disabled
  1265   300001                     	org	3145729
  1266   300001  38                 	db	56
  1267                           
  1268                           ;Config register CONFIG2L @ 0x300002
  1269                           ;	Power-up Timer Enable bit
  1270                           ;	PWRTEN = ON, Power up timer enabled
  1271                           ;	Brown-out Reset Enable bits
  1272                           ;	BOREN = SBORDIS, Brown-out Reset enabled in hardware only (SBOREN is disabled)
  1273                           ;	Brown Out Reset Voltage bits
  1274                           ;	BORV = 250, VBOR set to 2.50 V nominal
  1275   300002                     	org	3145730
  1276   300002  0E                 	db	14
  1277                           
  1278                           ;Config register CONFIG2H @ 0x300003
  1279                           ;	Watchdog Timer Enable bits
  1280                           ;	WDTEN = OFF, Watch dog timer is always disabled. SWDTEN has no effect.
  1281                           ;	Watchdog Timer Postscale Select bits
  1282                           ;	WDTPS = 32768, 1:32768
  1283   300003                     	org	3145731
  1284   300003  3C                 	db	60
  1285                           
  1286                           ; Padding undefined space
  1287   300004                     	org	3145732
  1288   300004  FF                 	db	255
  1289                           
  1290                           ;Config register CONFIG3H @ 0x300005
  1291                           ;	CCP2 MUX bit
  1292                           ;	CCP2MX = PORTC1, CCP2 input/output is multiplexed with RC1
  1293                           ;	PORTB A/D Enable bit
  1294                           ;	PBADEN = ON, PORTB<5:0> pins are configured as analog input channels on Reset
  1295                           ;	P3A/CCP3 Mux bit
  1296                           ;	CCP3MX = PORTB5, P3A/CCP3 input/output is multiplexed with RB5
  1297                           ;	HFINTOSC Fast Start-up
  1298                           ;	HFOFST = ON, HFINTOSC output and ready status are not delayed by the oscillator stable
      +                           status
  1299                           ;	Timer3 Clock input mux bit
  1300                           ;	T3CMX = PORTC0, T3CKI is on RC0
  1301                           ;	ECCP2 B output mux bit
  1302                           ;	P2BMX = PORTD2, P2B is on RD2
  1303                           ;	MCLR Pin Enable bit
  1304                           ;	MCLRE = EXTMCLR, MCLR pin enabled, RE3 input pin disabled
  1305   300005                     	org	3145733
  1306   300005  BF                 	db	191
  1307                           
  1308                           ;Config register CONFIG4L @ 0x300006
  1309                           ;	Stack Full/Underflow Reset Enable bit
  1310                           ;	STVREN = ON, Stack full/underflow will cause Reset
  1311                           ;	Single-Supply ICSP Enable bit
  1312                           ;	LVP = ON, Single-Supply ICSP enabled if MCLRE is also 1
  1313                           ;	Extended Instruction Set Enable bit
  1314                           ;	XINST = OFF, Instruction set extension and Indexed Addressing mode disabled (Legacy mo
      +                          de)
  1315                           ;	Background Debug
  1316                           ;	DEBUG = 0x1, unprogrammed default
  1317   300006                     	org	3145734
  1318   300006  85                 	db	133
  1319                           
  1320                           ; Padding undefined space
  1321   300007                     	org	3145735
  1322   300007  FF                 	db	255
  1323                           
  1324                           ;Config register CONFIG5L @ 0x300008
  1325                           ;	Code Protection Block 0
  1326                           ;	CP0 = OFF, Block 0 (000800-003FFFh) not code-protected
  1327                           ;	Code Protection Block 1
  1328                           ;	CP1 = OFF, Block 1 (004000-007FFFh) not code-protected
  1329                           ;	Code Protection Block 2
  1330                           ;	CP2 = OFF, Block 2 (008000-00BFFFh) not code-protected
  1331                           ;	Code Protection Block 3
  1332                           ;	CP3 = OFF, Block 3 (00C000-00FFFFh) not code-protected
  1333   300008                     	org	3145736
  1334   300008  0F                 	db	15
  1335                           
  1336                           ;Config register CONFIG5H @ 0x300009
  1337                           ;	Boot Block Code Protection bit
  1338                           ;	CPB = OFF, Boot block (000000-0007FFh) not code-protected
  1339                           ;	Data EEPROM Code Protection bit
  1340                           ;	CPD = OFF, Data EEPROM not code-protected
  1341   300009                     	org	3145737
  1342   300009  C0                 	db	192
  1343                           
  1344                           ;Config register CONFIG6L @ 0x30000A
  1345                           ;	Write Protection Block 0
  1346                           ;	WRT0 = OFF, Block 0 (000800-003FFFh) not write-protected
  1347                           ;	Write Protection Block 1
  1348                           ;	WRT1 = OFF, Block 1 (004000-007FFFh) not write-protected
  1349                           ;	Write Protection Block 2
  1350                           ;	WRT2 = OFF, Block 2 (008000-00BFFFh) not write-protected
  1351                           ;	Write Protection Block 3
  1352                           ;	WRT3 = OFF, Block 3 (00C000-00FFFFh) not write-protected
  1353   30000A                     	org	3145738
  1354   30000A  0F                 	db	15
  1355                           
  1356                           ;Config register CONFIG6H @ 0x30000B
  1357                           ;	Configuration Register Write Protection bit
  1358                           ;	WRTC = OFF, Configuration registers (300000-3000FFh) not write-protected
  1359                           ;	Boot Block Write Protection bit
  1360                           ;	WRTB = OFF, Boot Block (000000-0007FFh) not write-protected
  1361                           ;	Data EEPROM Write Protection bit
  1362                           ;	WRTD = OFF, Data EEPROM not write-protected
  1363   30000B                     	org	3145739
  1364   30000B  E0                 	db	224
  1365                           
  1366                           ;Config register CONFIG7L @ 0x30000C
  1367                           ;	Table Read Protection Block 0
  1368                           ;	EBTR0 = OFF, Block 0 (000800-003FFFh) not protected from table reads executed in other
      +                           blocks
  1369                           ;	Table Read Protection Block 1
  1370                           ;	EBTR1 = OFF, Block 1 (004000-007FFFh) not protected from table reads executed in other
      +                           blocks
  1371                           ;	Table Read Protection Block 2
  1372                           ;	EBTR2 = OFF, Block 2 (008000-00BFFFh) not protected from table reads executed in other
      +                           blocks
  1373                           ;	Table Read Protection Block 3
  1374                           ;	EBTR3 = OFF, Block 3 (00C000-00FFFFh) not protected from table reads executed in other
      +                           blocks
  1375   30000C                     	org	3145740
  1376   30000C  0F                 	db	15
  1377                           
  1378                           ;Config register CONFIG7H @ 0x30000D
  1379                           ;	Boot Block Table Read Protection bit
  1380                           ;	EBTRB = OFF, Boot Block (000000-0007FFh) not protected from table reads executed in ot
      +                          her blocks
  1381   30000D                     	org	3145741
  1382   30000D  40                 	db	64
  1383                           tosu	equ	0xFFF
  1384                           tosh	equ	0xFFE
  1385                           tosl	equ	0xFFD
  1386                           stkptr	equ	0xFFC
  1387                           pclatu	equ	0xFFB
  1388                           pclath	equ	0xFFA
  1389                           pcl	equ	0xFF9
  1390                           tblptru	equ	0xFF8
  1391                           tblptrh	equ	0xFF7
  1392                           tblptrl	equ	0xFF6
  1393                           tablat	equ	0xFF5
  1394                           prodh	equ	0xFF4
  1395                           prodl	equ	0xFF3
  1396                           indf0	equ	0xFEF
  1397                           postinc0	equ	0xFEE
  1398                           postdec0	equ	0xFED
  1399                           preinc0	equ	0xFEC
  1400                           plusw0	equ	0xFEB
  1401                           fsr0h	equ	0xFEA
  1402                           fsr0l	equ	0xFE9
  1403                           wreg	equ	0xFE8
  1404                           indf1	equ	0xFE7
  1405                           postinc1	equ	0xFE6
  1406                           postdec1	equ	0xFE5
  1407                           preinc1	equ	0xFE4
  1408                           plusw1	equ	0xFE3
  1409                           fsr1h	equ	0xFE2
  1410                           fsr1l	equ	0xFE1
  1411                           bsr	equ	0xFE0
  1412                           indf2	equ	0xFDF
  1413                           postinc2	equ	0xFDE
  1414                           postdec2	equ	0xFDD
  1415                           preinc2	equ	0xFDC
  1416                           plusw2	equ	0xFDB
  1417                           fsr2h	equ	0xFDA
  1418                           fsr2l	equ	0xFD9
  1419                           status	equ	0xFD8

Data Sizes:
    Strings     0
    Constant    10
    Data        0
    BSS         1
    Persistent  0
    Stack       0

Auto Spaces:
    Space          Size  Autos    Used
    COMRAM           95      9      10
    BANK0           160      0       0
    BANK1           256      0       0
    BANK2           256      0       0
    BANK3           256      0       0
    BANK4           256      0       0
    BANK5           256      0       0
    BANK6           256      0       0
    BANK7           256      0       0
    BANK8           256      0       0
    BANK9           256      0       0
    BANK10          256      0       0
    BANK11          256      0       0
    BANK12          256      0       0
    BANK13          256      0       0
    BANK14          256      0       0
    BANK15           56      0       0

Pointer List with Targets:

    None.

Critical Paths under _main in COMRAM

    _main->_delay_and_poll
    _init->_set_lights

Critical Paths under _main in BANK0

    None.

Critical Paths under _main in BANK1

    None.

Critical Paths under _main in BANK2

    None.

Critical Paths under _main in BANK3

    None.

Critical Paths under _main in BANK4

    None.

Critical Paths under _main in BANK5

    None.

Critical Paths under _main in BANK6

    None.

Critical Paths under _main in BANK7

    None.

Critical Paths under _main in BANK8

    None.

Critical Paths under _main in BANK9

    None.

Critical Paths under _main in BANK10

    None.

Critical Paths under _main in BANK11

    None.

Critical Paths under _main in BANK12

    None.

Critical Paths under _main in BANK13

    None.

Critical Paths under _main in BANK14

    None.

Critical Paths under _main in BANK15

    None.

Call Graph Tables:

 ---------------------------------------------------------------------------------
 (Depth) Function   	        Calls       Base Space   Used Autos Params    Refs
 ---------------------------------------------------------------------------------
 (0) _main                                                 4     4      0     332
                                              5 COMRAM     4     4      0
                     _delay_and_poll
                               _init
                          _seg_blank
                           _seg_show
                         _set_lights
 ---------------------------------------------------------------------------------
 (1) _seg_show                                             3     3      0      30
                                              0 COMRAM     3     3      0
 ---------------------------------------------------------------------------------
 (1) _seg_blank                                            0     0      0       0
 ---------------------------------------------------------------------------------
 (1) _init                                                 0     0      0      61
                         _set_lights
 ---------------------------------------------------------------------------------
 (2) _set_lights                                           3     2      1      61
                                              0 COMRAM     3     2      1
 ---------------------------------------------------------------------------------
 (1) _delay_and_poll                                       5     3      2      53
                                              0 COMRAM     5     3      2
 ---------------------------------------------------------------------------------
 Estimated maximum stack depth 2
 ---------------------------------------------------------------------------------

 Call Graph Graphs:

 _main (ROOT)
   _delay_and_poll
   _init
     _set_lights
   _seg_blank
   _seg_show
   _set_lights

Address spaces:
Name               Size   Autos  Total    Usage
BIGRAM            3895      0       0      0.0%
BITBANK14          256      0       0      0.0%
BANK14             256      0       0      0.0%
BITBANK13          256      0       0      0.0%
BANK13             256      0       0      0.0%
BITBANK12          256      0       0      0.0%
BANK12             256      0       0      0.0%
BITBANK11          256      0       0      0.0%
BANK11             256      0       0      0.0%
BITBANK10          256      0       0      0.0%
BANK10             256      0       0      0.0%
BITBANK9           256      0       0      0.0%
BANK9              256      0       0      0.0%
BITBANK8           256      0       0      0.0%
BANK8              256      0       0      0.0%
BITBANK7           256      0       0      0.0%
BANK7              256      0       0      0.0%
BITBANK6           256      0       0      0.0%
BANK6              256      0       0      0.0%
BITBANK5           256      0       0      0.0%
BANK5              256      0       0      0.0%
BITBANK4           256      0       0      0.0%
BANK4              256      0       0      0.0%
BITBANK3           256      0       0      0.0%
BANK3              256      0       0      0.0%
BITBANK2           256      0       0      0.0%
BANK2              256      0       0      0.0%
BITBANK1           256      0       0      0.0%
BANK1              256      0       0      0.0%
BITBANK0           160      0       0      0.0%
BANK0              160      0       0      0.0%
BITBIGSFRh         123      0       0      0.0%
BITCOMRAM           95      0       0      0.0%
COMRAM              95      9      10     10.5%
BITBIGSFRll         69      0       0      0.0%
BITBANK15           56      0       0      0.0%
BANK15              56      0       0      0.0%
BITBIGSFRlh          1      0       0      0.0%
STACK                0      0       0      0.0%
DATA                 0      0      10      0.0%


Microchip Technology PIC18 Macro Assembler V3.10 build 20250813170317 
Symbol Table                                                                                   Thu Sep 24 18:46:14 2026

                     l51 12F8                       l43 1362                       l62 12C2  
                     l55 132C                       l48 1350                       l59 126C  
                     u10 130C                       u11 1308                      l925 12FC  
                    l927 130C                      l895 135E                      u200 12C0  
                    u201 12BC                      u210 103C                      u211 1038  
                    u300 1188                      u220 1072                      u301 1184  
                    u221 106E                      u310 11AE                      u230 1086  
                    u311 11AA                      u231 1082                      u320 11D8  
                    u240 10C6                      u321 11D4                      u241 10C2  
                    u330 11F8                      u250 10DE                      u331 11F4  
                    u251 10DA                      u180 127A                      u260 10F0  
                    u181 1276                      u261 10EC                      u190 128E  
                    u270 1122                      u191 128A                      u271 111E  
                    u280 1154                      u281 1150                      u290 1168  
                    u347 1172                      u291 1164                      u357 11E2  
                    u367 129A                      wreg 0FE8                     l1101 128E  
                   l1111 12C0                     l1105 1294                     l1121 103C  
                   l1201 1214                     l1107 12A2                     l1131 1086  
                   l1123 1044                     l1115 100C                     l1109 12AA  
                   l1133 108E                     l1125 104C                     l1117 1010  
                   l1063 1330                     l1071 12CE                     l1151 10D0  
                   l1143 10A4                     l1135 1096                     l1119 1016  
                   l1081 12DA                     l1073 12D0                     l1065 12C4  
                   l1161 10FC                     l1153 10DE                     l1145 10AA  
                   l1137 10A0                     l1129 1076                     l1091 12EE  
                   l1083 12E2                     l1075 12D2                     l1067 12C8  
                   l1227 1228                     l1171 1158                     l1155 10F0  
                   l1147 10C6                     l1093 1262                     l1085 12E4  
                   l1077 12D4                     l1069 12CA                     l1165 1126  
                   l1157 10F4                     l1149 10CE                     l1095 127A  
                   l1087 12E6                     l1079 12D6                     l1191 11F8  
                   l1183 11B2                     l1175 116C                     l1167 112E  
                   l1097 127E                     l1089 12E8                     l1177 117A  
                   l1099 1280                     l1195 1206                     l1187 11DC  
                   l1179 1188                     l1189 11EA                     _LATB 0F8A  
                   _LATC 0F8B                     _LATD 0F8C                     _main 100C  
                   _init 12C4                     start FFFC             ___param_bank 0000  
                  ?_main 0001                    ?_init 0001                    _TRISB 0F93  
                  _TRISC 0F94                    _TRISD 0F95                    tablat 0FF5  
                  status 0FD8          __initialization 1352             __end_of_main 1262  
           __end_of_init 12FA                   ??_main 0006                   ??_init 0004  
          __activetblptr 0002                   _ANSELA 0F38                   _ANSELB 0F39  
                 _ANSELC 0F3A                   _ANSELD 0F3B                   _ANSELE 0F3C  
                 _OSCCON 0FD3                   isa$std 0001         __end_of_seg_show 132E  
       __end_of_sevenSeg 100B             __mediumconst 1000                   tblptrh 0FF7  
                 tblptrl 0FF6                   tblptru 0FF8               __accesstop 0060  
__end_of__initialization 1354            ___rparam_used 0001           _delay_and_poll 1262  
         __pcstackCOMRAM 0001         delay_and_poll@ms 0001   __end_of_delay_and_poll 12C4  
          seg_show@digit 0003          ?_delay_and_poll 0001                ?_seg_show 0001  
             _pedRequest 000A                  __Hparam 0000                  __Lparam 0000  
           __psmallconst 1000                  __pcinit 1352                  __ramtop 1000  
                __ptext0 100C                  __ptext1 12FA                  __ptext2 135E  
                __ptext3 12C4                  __ptext4 132E                  __ptext5 1262  
      __end_of_seg_blank 1364     end_of_initialization 1354            __Lmediumconst 0000  
             ??_seg_show 0001               _set_lights 132E                _PORTCbits 0F82  
              _PORTEbits 0F84                _TRISAbits 0F92                _TRISEbits 0F96  
      delay_and_poll@RUN 0004      start_initialization 1352              ?_set_lights 0001  
            __pbssCOMRAM 000A         ??_delay_and_poll 0003              __smallconst 1000  
              _seg_blank 135E                 _LATAbits 0F89                main@digit 0008  
              main@state 0009               ?_seg_blank 0001                 __Hrparam 0000  
               __Lrparam 0000                 _seg_show 12FA             ??_set_lights 0002  
               _sevenSeg 1001                 isa$xinst 0000              _OSCTUNEbits 0F9B  
     __end_of_set_lights 1352              ??_seg_blank 0001         set_lights@rb_val 0001  
       set_lights@rd_val 0003  
